Microchip MPLAB XC8 Compiler V2.32

Linker command line:

-W-3 --edf=C:\Program Files\Microchip\xc8\v2.32\pic\dat\en_msgs.txt -cn \
  -h+dist/default/debug\LS-SDM-P2-B-LSSudoku.X.debug.sym \
  --cmf=dist/default/debug\LS-SDM-P2-B-LSSudoku.X.debug.cmf -z -Q18F4321 \
  -oC:\Users\alber\AppData\Local\Temp\xcAs4po.4 --defsym=__MPLAB_BUILD=1 \
  -Mdist/default/debug/LS-SDM-P2-B-LSSudoku.X.debug.map -E1 \
  -ver=XC8 Compiler --acfsm=1493 -ASTACK=080h-0FFh -pstack=STACK \
  -ACODE=00h-01DBFh -ACONST=00h-01DBFh \
  -ASMALLCONST=0200h-02FFhx27,01D00h-01DBFh -AMEDIUMCONST=0200h-01DBFh \
  -ACOMRAM=01h-07Fh -AABS1=00h-01F3h -ABIGRAM=01h-01F3h \
  -ARAM=080h-0FFh,0100h-01F3h -ABANK0=080h-0FFh -ABANK1=0100h-01F3h \
  -ASFR=0F80h-0F9Bh,0F9Dh-0FD3h,0FD5h-0FDAh,0FE0h-0FE2h,0FE8h-0FEAh,0FF0h-0FFCh \
  -ACONFIG=0300000h-030000Dh -AIDLOC=0200000h-0200007h \
  -AEEDATA=0F00000h-0F000FFh -peeprom_data=EEDATA \
  -preset_vec=00h,intcode=08h,intcodelo,powerup,init -pramtop=0200h \
  -psmallconst=SMALLCONST -pmediumconst=MEDIUMCONST -pconst=CONST \
  -AFARRAM=00h-00h \
  -prdata=COMRAM,nvrram=COMRAM,nvbit=COMRAM,rbss=COMRAM,rbit=COMRAM \
  -pfarbss=FARRAM,fardata=FARRAM,nvFARRAM=FARRAM \
  -pintsave_regs=BIGRAM,bigbss=BIGRAM,bigdata=BIGRAM -pbss=RAM \
  -pidata=CODE,irdata=CODE,ibigdata=CODE,ifardata=CODE -prparam=COMRAM \
  C:\Users\alber\AppData\Local\Temp\xcAs4po.o \
  dist/default/debug\LS-SDM-P2-B-LSSudoku.X.debug.o 

Object code version is 3.11

Machine type is 18F4321



                Name                               Link     Load   Length Selector   Space Scale
C:\Users\alber\AppData\Local\Temp\xcAs4po.o
                idloc                            200000   200000        8        0       5
                config                           300000   300000        E        0       4
                init                                 32       32        4        4       0
                reset_vec                             0        0        4        0       0
dist/default/debug\LS-SDM-P2-B-LSSudoku.X.debug.o
                intcode                               8        8       2A        4       0
                idloc                            200000   200000        8        0       5
                config                           300000   300000        E        0       4
                temp                                 78       78        1        1       1
                smallconst                          200      200       24      100       0
                text37                              A64      A64       5A      112       0
                text35                              91A      91A       7A      112       0
                text34                              D10      D10       2C      112       0
                text33                              DC0      DC0       18      6E0       0
                text32                              D60      D60       24      112       0
                text31                              9FC      9FC       68      112       0
                text30                              994      994       68      112       0
                text29                              CAE      CAE       32      112       0
                text28                              B58      B58       40      112       0
                text27                              DFE      DFE        C      6E0       0
                text26                              BD2      BD2       3A      112       0
                text25                              788      788       DA      112       0
                text24                              C7C      C7C       32      112       0
                text23                              B98      B98       3A      112       0
                text22                              ABE      ABE       52      112       0
                text21                              CE0      CE0       30      112       0
                text20                              E3A      E3A        8      6E0       0
                text19                              E32      E32        8      6E0       0
                text18                              478      478      1AC      112       0
                text17                              E2A      E2A        8      6E0       0
                text16                              E22      E22        8      6E0       0
                text15                              E1A      E1A        8      6E0       0
                text14                              E12      E12        8      6E0       0
                text13                              624      624      164      112       0
                text12                              C44      C44       38      112       0
                text11                              862      862       B8      112       0
                text10                              D84      D84       20      112       0
                text9                               D3C      D3C       24      112       0
                text8                               DF2      DF2        C      6E0       0
                text7                               E0A      E0A        8      6E0       0
                text6                               E42      E42        6      6E0       0
                text5                               E4C      E4C        4      6E0       0
                text4                               DE6      DE6        C      6E0       0
                text3                               E48      E48        4      6E0       0
                text2                               DD8      DD8        E      6E0       0
                text1                               224      224      254      112       0
                text0                               C0C      C0C       38      112       0
                cstackCOMRAM                         61       61       16        1       1
                bssBANK1                            100      100       B8      100       1
                dataCOMRAM                           46       46       1B        1       1
                bssCOMRAM                             1        1       45        1       1
                bitbssCOMRAM                        3B8       77        5        1       1     8
                cinit                               B10      B10       48      112       0
                idataCOMRAM                         DA4      DA4       1B      112       0

TOTAL           Name                               Link     Load   Length     Space
        CLASS   STACK          

        CLASS   CODE           
                intcode                               8        8       2A         0
                init                                 32       32        4         0
                reset_vec                             0        0        4         0
                text37                              A64      A64       5A         0
                text35                              91A      91A       7A         0
                text34                              D10      D10       2C         0
                text33                              DC0      DC0       18         0
                text32                              D60      D60       24         0
                text31                              9FC      9FC       68         0
                text30                              994      994       68         0
                text29                              CAE      CAE       32         0
                text28                              B58      B58       40         0
                text27                              DFE      DFE        C         0
                text26                              BD2      BD2       3A         0
                text25                              788      788       DA         0
                text24                              C7C      C7C       32         0
                text23                              B98      B98       3A         0
                text22                              ABE      ABE       52         0
                text21                              CE0      CE0       30         0
                text20                              E3A      E3A        8         0
                text19                              E32      E32        8         0
                text18                              478      478      1AC         0
                text17                              E2A      E2A        8         0
                text16                              E22      E22        8         0
                text15                              E1A      E1A        8         0
                text14                              E12      E12        8         0
                text13                              624      624      164         0
                text12                              C44      C44       38         0
                text11                              862      862       B8         0
                text10                              D84      D84       20         0
                text9                               D3C      D3C       24         0
                text8                               DF2      DF2        C         0
                text7                               E0A      E0A        8         0
                text6                               E42      E42        6         0
                text5                               E4C      E4C        4         0
                text4                               DE6      DE6        C         0
                text3                               E48      E48        4         0
                text2                               DD8      DD8        E         0
                text1                               224      224      254         0
                text0                               C0C      C0C       38         0
                cinit                               B10      B10       48         0
                idataCOMRAM                         DA4      DA4       1B         0

        CLASS   CONST          

        CLASS   SMALLCONST     
                smallconst                          200      200       24         0

        CLASS   MEDIUMCONST    

        CLASS   COMRAM         
                temp                                 78       78        1         1
                cstackCOMRAM                         61       61       16         1
                dataCOMRAM                           46       46       1B         1
                bssCOMRAM                             1        1       45         1
                bitbssCOMRAM                        3B8       77        5         1

        CLASS   ABS1           

        CLASS   BIGRAM         

        CLASS   RAM            

        CLASS   BANK0          

        CLASS   BANK1          
                bssBANK1                            100      100       B8         1

        CLASS   SFR            

        CLASS   CONFIG         
                config                           300000   300000        E         4

        CLASS   IDLOC          
                idloc                            200000   200000        8         5

        CLASS   EEDATA         

        CLASS   FARRAM         



SEGMENTS        Name                           Load    Length   Top    Selector   Space  Class

                reset_vec                      000000  000004  000004         0       0  CODE    
                bssCOMRAM                      000001  000078  000079         1       1  COMRAM  
                intcode                        000008  00002E  000036         4       0  CODE    
                bssBANK1                       000100  0000B8  0001B8       100       1  BANK1   
                smallconst                     000200  000024  000224       100       0  SMALLCON
                text1                          000224  000B9B  000DBF       112       0  CODE    
                text33                         000DC0  000090  000E50       6E0       0  CODE    


UNUSED ADDRESS RANGES

        Name                Unused          Largest block    Delta
        BANK0            000080-0000FF               80
        BANK1            0001B8-0001F3               3C
        BIGRAM           000079-0000FF               87
                         0001B8-0001F3               3C
        CODE             000004-000007                4
                         000036-0001FF              1CA
                         000DBF-000DBF                1
                         000E50-001DBF              F70
        COMRAM           000079-00007F                7
        CONST            000004-000007                4
                         000036-0001FF              1CA
                         000DBF-000DBF                1
                         000E50-001DBF              F70
        EEDATA           F00000-F000FF              100
        MEDIUMCONST      000DBF-000DBF                1
                         000E50-001DBF              F70
        RAM              000080-0000FF               80
                         0001B8-0001F3               3C
        SFR              000F80-000F9B               1C
                         000F9D-000FD3               37
                         000FD5-000FDA                6
                         000FE0-000FE2                3
                         000FE8-000FEA                3
                         000FF0-000FFC                D
        SMALLCONST       000DBF-000DBF                1
                         000E50-001DBF              100
        STACK            000080-0000FF               80

                                  Symbol Table

?_TiGetTics                    cstackCOMRAM 000066
CantaData@Data                 cstackCOMRAM 000068
CantaIR@IR                     cstackCOMRAM 000068
CantaPartAlta@c                cstackCOMRAM 000067
CantaPartBaixa@c               cstackCOMRAM 000067
EscriuPrimeraOrdre@ordre       cstackCOMRAM 000067
Espera@Timer                   cstackCOMRAM 000070
Espera@ms                      cstackCOMRAM 00006D
LcGotoXY@Column                cstackCOMRAM 000073
LcGotoXY@Fisics                cstackCOMRAM 00006F
LcGotoXY@Row                   cstackCOMRAM 00006E
LcInit@columns                 cstackCOMRAM 000071
LcInit@i                       cstackCOMRAM 000073
LcInit@rows                    cstackCOMRAM 000072
LcNewString@new_s              cstackCOMRAM 000066
LcPutChar@c                    cstackCOMRAM 000074
MNovaLletra@lletra             cstackCOMRAM 000066
MsetNovaTecla@tecla            cstackCOMRAM 000066
SMotor@state                   bssCOMRAM    00002C
SsetNovaTecla@tecla            cstackCOMRAM 000066
TeTeclat@cols                  bssCOMRAM    000029
TeTeclat@files                 bssCOMRAM    000028
TeTeclat@state                 bssCOMRAM    00002A
TiGetTics@Handle               cstackCOMRAM 00006A
TiGetTics@actual               cstackCOMRAM 00006B
TiResetTics@Handle             cstackCOMRAM 000066
Uinit@i                        cstackCOMRAM 000068
Uinit@j                        cstackCOMRAM 000069
Uinit@j_967                    cstackCOMRAM 00006A
UsetData@pass                  cstackCOMRAM 000067
UsetData@user                  cstackCOMRAM 000066
WaitForBusy@Busy               cstackCOMRAM 00006D
_CantaData                     text24       000C7C
_CantaIR                       text29       000CAE
_CantaPartAlta                 text31       0009FC
_CantaPartBaixa                text30       000994
_ColumnAct                     bssCOMRAM    000030
_Columns                       bssCOMRAM    000032
_EEADR                         (abs)        000FA9
_EECON1bits                    (abs)        000FA6
_EEDATA                        (abs)        000FA8
_EscriuPrimeraOrdre            text35       00091A
_Espera                        text32       000D60
_INTCONbits                    (abs)        000FF2
_LATBbits                      (abs)        000F8A
_LATCbits                      (abs)        000F8B
_LATD                          (abs)        000F8C
_LATDbits                      (abs)        000F8C
_LcClear                       text9        000D3C
_LcCursorOff                   text27       000DFE
_LcGotoXY                      text23       000B98
_LcGotoXY$342                  cstackCOMRAM 000071
_LcInit                        text25       000788
_LcLCD                         text21       000CE0
_LcLliure                      text8        000DF2
_LcNewString                   text7        000E0A
_LcPutChar                     text22       000ABE
_MNovaLletra                   text19       000E32
_Minit                         text20       000E3A
_MsetNovaTecla                 text15       000E1A
_NovaTecla                     dataCOMRAM   000050
_PORTCbits                     (abs)        000F82
_PORTDbits                     (abs)        000F83
_RCONbits                      (abs)        000FD0
_RowAct                        bssCOMRAM    000031
_Rows                          bssCOMRAM    000033
_SMSon                         text6        000E42
_SMotor                        text18       000478
_Sinit                         text17       000E2A
_SsetNovaTecla                 text14       000E12
_T0CON                         (abs)        000FD5
_T0CONbits                     (abs)        000FD5
_TMR0H                         (abs)        000FD7
_TMR0L                         (abs)        000FD6
_TRISA                         (abs)        000F92
_TRISB                         (abs)        000F93
_TRISC                         (abs)        000F94
_TRISCbits                     (abs)        000F94
_TRISD                         (abs)        000F95
_TRISDbits                     (abs)        000F95
_TeInit                        text16       000E22
_TeTeclat                      text13       000624
_TiGetTics                     text34       000D10
_TiGetTimer                    text26       000BD2
_TiInitTimer                   text12       000C44
_TiResetTics                   text33       000DC0
_Timer                         bssCOMRAM    00002F
_UcheckExists                  text5        000E4C
_UcheckExistsGetError          text4        000DE6
_UgetNumUsuaris                text3        000E48
_Uinit                         text11       000862
_UsetData                      text2        000DD8
_WaitForBusy                   text28       000B58
__HRAM                         (abs)        000000
__Habs1                        abs1         000000
__Hbank0                       bank0        000000
__Hbank1                       bank1        000000
__Hbigbss                      bigbss       000000
__Hbigdata                     bigdata      000000
__Hbigram                      bigram       000000
__HbitbssCOMRAM                bitbssCOMRAM 000000
__Hbss                         bss          000000
__HbssBANK1                    bssBANK1     000000
__HbssCOMRAM                   bssCOMRAM    000000
__Hcinit                       cinit        000000
__Hclrtext                     clrtext      000000
__Hcomram                      comram       000000
__Hconfig                      config       30000E
__Hconst                       const        000000
__HcstackCOMRAM                cstackCOMRAM 000000
__Hdata                        data         000000
__HdataCOMRAM                  dataCOMRAM   000000
__Heeprom_data                 eeprom_data  000000
__Hfarbss                      farbss       000000
__Hfardata                     fardata      000000
__Hibigdata                    ibigdata     000000
__Hidata                       idata        000000
__HidataCOMRAM                 idataCOMRAM  000000
__Hidloc                       idloc        200008
__Hifardata                    ifardata     000000
__Hinit                        init         000036
__Hintcode                     intcode      000032
__Hintcode_body                intcode_body 000000
__Hintcodelo                   intcodelo    000032
__Hintentry                    intentry     000000
__Hintret                      intret       000000
__Hintsave_regs                intsave_regs 000000
__Hirdata                      irdata       000000
__Hmediumconst                 mediumconst  000000
__HnvFARRAM                    nvFARRAM     000000
__Hnvbit                       nvbit        000000
__Hnvrram                      nvrram       000000
__Hparam                       rparam       000000
__Hpowerup                     powerup      000032
__Hram                         ram          000000
__Hramtop                      ramtop       000200
__Hrbit                        rbit         000000
__Hrbss                        rbss         000000
__Hrdata                       rdata        000000
__Hreset_vec                   reset_vec    000004
__Hrparam                      rparam       000000
__Hsfr                         sfr          000000
__Hsmallconst                  smallconst   000224
__Hspace_0                     (abs)        000E50
__Hspace_1                     (abs)        0003BD
__Hspace_2                     (abs)        000000
__Hspace_4                     (abs)        60000E
__Hstack                       stack        000000
__Hstruct                      struct       000000
__Htemp                        temp         000079
__Htext                        text         000000
__Htext0                       text0        000000
__Htext1                       text1        000000
__Htext10                      text10       000000
__Htext11                      text11       000000
__Htext12                      text12       000000
__Htext13                      text13       000000
__Htext14                      text14       000000
__Htext15                      text15       000000
__Htext16                      text16       000000
__Htext17                      text17       000000
__Htext18                      text18       000000
__Htext19                      text19       000000
__Htext2                       text2        000000
__Htext20                      text20       000000
__Htext21                      text21       000000
__Htext22                      text22       000000
__Htext23                      text23       000000
__Htext24                      text24       000000
__Htext25                      text25       000000
__Htext26                      text26       000000
__Htext27                      text27       000000
__Htext28                      text28       000000
__Htext29                      text29       000000
__Htext3                       text3        000000
__Htext30                      text30       000000
__Htext31                      text31       000000
__Htext32                      text32       000000
__Htext33                      text33       000000
__Htext34                      text34       000000
__Htext35                      text35       000000
__Htext37                      text37       000000
__Htext38                      text38       000000
__Htext4                       text4        000000
__Htext5                       text5        000000
__Htext6                       text6        000000
__Htext7                       text7        000000
__Htext8                       text8        000000
__Htext9                       text9        000000
__LRAM                         (abs)        000001
__Labs1                        abs1         000000
__Lbank0                       bank0        000000
__Lbank1                       bank1        000000
__Lbigbss                      bigbss       000000
__Lbigdata                     bigdata      000000
__Lbigram                      bigram       000000
__LbitbssCOMRAM                bitbssCOMRAM 000000
__Lbss                         bss          000000
__LbssBANK1                    bssBANK1     000000
__LbssCOMRAM                   bssCOMRAM    000000
__Lcinit                       cinit        000000
__Lclrtext                     clrtext      000000
__Lcomram                      comram       000000
__Lconfig                      config       000000
__Lconst                       const        000000
__LcstackCOMRAM                cstackCOMRAM 000000
__Ldata                        data         000000
__LdataCOMRAM                  dataCOMRAM   000000
__Leeprom_data                 eeprom_data  000000
__Lfarbss                      farbss       000000
__Lfardata                     fardata      000000
__Libigdata                    ibigdata     000000
__Lidata                       idata        000000
__LidataCOMRAM                 idataCOMRAM  000000
__Lidloc                       idloc        000000
__Lifardata                    ifardata     000000
__Linit                        init         000032
__Lintcode                     intcode      000008
__Lintcode_body                intcode_body 000000
__Lintcodelo                   intcodelo    000032
__Lintentry                    intentry     000000
__Lintret                      intret       000000
__Lintsave_regs                intsave_regs 000000
__Lirdata                      irdata       000000
__Lmediumconst                 mediumconst  000000
__LnvFARRAM                    nvFARRAM     000000
__Lnvbit                       nvbit        000000
__Lnvrram                      nvrram       000000
__Lparam                       rparam       000000
__Lpowerup                     powerup      000032
__Lram                         ram          000000
__Lramtop                      ramtop       000200
__Lrbit                        rbit         000000
__Lrbss                        rbss         000000
__Lrdata                       rdata        000000
__Lreset_vec                   reset_vec    000000
__Lrparam                      rparam       000000
__Lsfr                         sfr          000000
__Lsmallconst                  smallconst   000200
__Lspace_0                     (abs)        000000
__Lspace_1                     (abs)        000000
__Lspace_2                     (abs)        000000
__Lspace_4                     (abs)        000000
__Lstack                       stack        000000
__Lstruct                      struct       000000
__Ltemp                        temp         000078
__Ltext                        text         000000
__Ltext0                       text0        000000
__Ltext1                       text1        000000
__Ltext10                      text10       000000
__Ltext11                      text11       000000
__Ltext12                      text12       000000
__Ltext13                      text13       000000
__Ltext14                      text14       000000
__Ltext15                      text15       000000
__Ltext16                      text16       000000
__Ltext17                      text17       000000
__Ltext18                      text18       000000
__Ltext19                      text19       000000
__Ltext2                       text2        000000
__Ltext20                      text20       000000
__Ltext21                      text21       000000
__Ltext22                      text22       000000
__Ltext23                      text23       000000
__Ltext24                      text24       000000
__Ltext25                      text25       000000
__Ltext26                      text26       000000
__Ltext27                      text27       000000
__Ltext28                      text28       000000
__Ltext29                      text29       000000
__Ltext3                       text3        000000
__Ltext30                      text30       000000
__Ltext31                      text31       000000
__Ltext32                      text32       000000
__Ltext33                      text33       000000
__Ltext34                      text34       000000
__Ltext35                      text35       000000
__Ltext37                      text37       000000
__Ltext38                      text38       000000
__Ltext4                       text4        000000
__Ltext5                       text5        000000
__Ltext6                       text6        000000
__Ltext7                       text7        000000
__Ltext8                       text8        000000
__Ltext9                       text9        000000
__S0                           (abs)        000E50
__S1                           (abs)        0001B8
__S2                           (abs)        000000
__S4                           (abs)        000000
__S5                           (abs)        000000
__TiRSITimer                   text37       000A64
___inthi_sp                    stack        000000
___intlo_sp                    stack        000000
___param_bank                  (abs)        000000
___rparam_used                 (abs)        000001
___sp                          stack        000000
__accesstop                    (abs)        000080
__activetblptr                 (abs)        000002
__end_of_CantaData             text24       000CAE
__end_of_CantaIR               text29       000CE0
__end_of_CantaPartAlta         text31       000A64
__end_of_CantaPartBaixa        text30       0009FC
__end_of_EscriuPrimeraOrdre    text35       000994
__end_of_Espera                text32       000D84
__end_of_LcClear               text9        000D60
__end_of_LcCursorOff           text27       000E0A
__end_of_LcGotoXY              text23       000BD2
__end_of_LcInit                text25       000862
__end_of_LcLCD                 text21       000D10
__end_of_LcLliure              text8        000DFE
__end_of_LcNewString           text7        000E12
__end_of_LcPutChar             text22       000B10
__end_of_MNovaLletra           text19       000E3A
__end_of_Minit                 text20       000E42
__end_of_MsetNovaTecla         text15       000E22
__end_of_SMSon                 text6        000E48
__end_of_SMotor                text18       000624
__end_of_Sinit                 text17       000E32
__end_of_SsetNovaTecla         text14       000E1A
__end_of_TeInit                text16       000E2A
__end_of_TeTeclat              text13       000788
__end_of_TiGetTics             text34       000D3C
__end_of_TiGetTimer            text26       000C0C
__end_of_TiInitTimer           text12       000C7C
__end_of_TiResetTics           text33       000DD8
__end_of_UcheckExists          text5        000E50
__end_of_UcheckExistsGetError  text4        000DF2
__end_of_UgetNumUsuaris        text3        000E4C
__end_of_Uinit                 text11       00091A
__end_of_UsetData              text2        000DE6
__end_of_WaitForBusy           text28       000B98
__end_of__TiRSITimer           text37       000ABE
__end_of__initialization       cinit        000B4A
__end_of_high_rsi              intcode      000032
__end_of_init_ports            text10       000DA4
__end_of_main                  text0        000C44
__end_of_menu                  text1        000478
__initialization               cinit        000B10
__mediumconst                  mediumconst  000000
__pbitbssCOMRAM                bitbssCOMRAM 0003B8
__pbssBANK1                    bssBANK1     000100
__pbssCOMRAM                   bssCOMRAM    000001
__pcinit                       cinit        000B10
__pcstackCOMRAM                cstackCOMRAM 000061
__pdataCOMRAM                  dataCOMRAM   000046
__pidataCOMRAM                 idataCOMRAM  000DA4
__pintcode                     intcode      000008
__psmallconst                  smallconst   000200
__ptext0                       text0        000C0C
__ptext1                       text1        000224
__ptext10                      text10       000D84
__ptext11                      text11       000862
__ptext12                      text12       000C44
__ptext13                      text13       000624
__ptext14                      text14       000E12
__ptext15                      text15       000E1A
__ptext16                      text16       000E22
__ptext17                      text17       000E2A
__ptext18                      text18       000478
__ptext19                      text19       000E32
__ptext2                       text2        000DD8
__ptext20                      text20       000E3A
__ptext21                      text21       000CE0
__ptext22                      text22       000ABE
__ptext23                      text23       000B98
__ptext24                      text24       000C7C
__ptext25                      text25       000788
__ptext26                      text26       000BD2
__ptext27                      text27       000DFE
__ptext28                      text28       000B58
__ptext29                      text29       000CAE
__ptext3                       text3        000E48
__ptext30                      text30       000994
__ptext31                      text31       0009FC
__ptext32                      text32       000D60
__ptext33                      text33       000DC0
__ptext34                      text34       000D10
__ptext35                      text35       00091A
__ptext37                      text37       000A64
__ptext38                      text38       000000
__ptext4                       text4        000DE6
__ptext5                       text5        000E4C
__ptext6                       text6        000E42
__ptext7                       text7        000E0A
__ptext8                       text8        000DF2
__ptext9                       text9        000D3C
__ramtop                       ramtop       000200
__size_of_CantaData            (abs)        000000
__size_of_CantaIR              (abs)        000000
__size_of_CantaPartAlta        (abs)        000000
__size_of_CantaPartBaixa       (abs)        000000
__size_of_EscriuPrimeraOrdre   (abs)        000000
__size_of_Espera               (abs)        000000
__size_of_LcClear              (abs)        000000
__size_of_LcCursorOff          (abs)        000000
__size_of_LcGotoXY             (abs)        000000
__size_of_LcInit               (abs)        000000
__size_of_LcLCD                (abs)        000000
__size_of_LcLliure             (abs)        000000
__size_of_LcNewString          (abs)        000000
__size_of_LcPutChar            (abs)        000000
__size_of_MNovaLletra          (abs)        000000
__size_of_Minit                (abs)        000000
__size_of_MsetNovaTecla        (abs)        000000
__size_of_SMSon                (abs)        000000
__size_of_SMotor               (abs)        000000
__size_of_Sinit                (abs)        000000
__size_of_SsetNovaTecla        (abs)        000000
__size_of_TeInit               (abs)        000000
__size_of_TeTeclat             (abs)        000000
__size_of_TiGetTics            (abs)        000000
__size_of_TiGetTimer           (abs)        000000
__size_of_TiInitTimer          (abs)        000000
__size_of_TiResetTics          (abs)        000000
__size_of_UcheckExists         (abs)        000000
__size_of_UcheckExistsGetError (abs)        000000
__size_of_UgetNumUsuaris       (abs)        000000
__size_of_Uinit                (abs)        000000
__size_of_UsetData             (abs)        000000
__size_of_WaitForBusy          (abs)        000000
__size_of__TiRSITimer          (abs)        000000
__size_of_high_rsi             (abs)        000000
__size_of_init_ports           (abs)        000000
__size_of_main                 (abs)        000000
__size_of_menu                 (abs)        000000
__smallconst                   smallconst   000200
_counter                       bssCOMRAM    000027
_currentUsrIndex               bssCOMRAM    000023
_do_check_exists               bitbssCOMRAM 0003B9
_h_Tics                        bssCOMRAM    00001D
_high_rsi                      intcode      000008
_i                             bssCOMRAM    000020
_indexLastUser                 bssCOMRAM    000021
_init_ports                    text10       000D84
_j                             bssCOMRAM    000026
_lletraASCII                   dataCOMRAM   000054
_lletraInici                   dataCOMRAM   000046
_loginNOTRegister              bitbssCOMRAM 0003BA
_main                          text0        000C0C
_menu                          text1        000224
_nou_s                         bitbssCOMRAM 0003BC
_novaLletra                    dataCOMRAM   00004F
_novaTecla                     dataCOMRAM   000053
_numUsuaris                    bssCOMRAM    000022
_password                      bssCOMRAM    000034
_return_error                  bitbssCOMRAM 0003B8
_s_Timers                      bssCOMRAM    000001
_s_ptr                         bssCOMRAM    00002E
_setSMSon                      bitbssCOMRAM 0003BB
_sumaPulsacions                bssCOMRAM    00002D
_teclaPremuda                  dataCOMRAM   000055
_tiTeclat                      bssCOMRAM    00002B
_timerMenu                     bssCOMRAM    000025
_timerSMS                      dataCOMRAM   000052
_tmpPassword                   bssCOMRAM    000019
_tmpUsername                   bssCOMRAM    00001B
_ultimaTecla                   dataCOMRAM   000051
_username                      bssCOMRAM    00003D
_usuaris                       bssBANK1     000100
btemp                          temp         000078
end_of_initialization          cinit        000B4A
int$flags                      temp         000078
intlevel0                      text         000000
intlevel1                      text         000000
intlevel2                      text         000000
intlevel3                      text         000000
isa$std                        (abs)        000001
isa$xinst                      (abs)        000000
menu@state                     bssCOMRAM    000024
stackhi                        (abs)        0000FF
stacklo                        (abs)        000080
start                          init         000032
start_initialization           cinit        000B10
ttemp5                         temp         000079
ttemp6                         temp         00007C
ttemp7                         temp         000080
wtemp8                         temp         000079


MODULE INFORMATION

Module		Function		Class		Link	Load	Size
Ssms.c
		_SMSon         		CODE           	0E42	0000	6
		_SsetNovaTecla 		CODE           	0E12	0000	8
		_SMotor        		CODE           	0478	0000	428
		_Sinit         		CODE           	0E2A	0000	8

Ssms.c estimated size: 450

Menu.c
		_menu          		CODE           	0224	0000	596
		_MsetNovaTecla 		CODE           	0E1A	0000	8
		_MNovaLletra   		CODE           	0E32	0000	8
		_Minit         		CODE           	0E3A	0000	8

Menu.c estimated size: 620

LcTLCD.c
		_LcPutChar     		CODE           	0ABE	0000	82
		_EscriuPrimeraOrdre		CODE           	091A	0000	122
		_WaitForBusy   		CODE           	0B58	0000	64
		_LcGotoXY      		CODE           	0B98	0000	58
		_LcLliure      		CODE           	0DF2	0000	12
		_LcClear       		CODE           	0D3C	0000	36
		_CantaData     		CODE           	0C7C	0000	50
		_LcCursorOff   		CODE           	0DFE	0000	12
		_LcInit        		CODE           	0788	0000	218
		_CantaPartAlta 		CODE           	09FC	0000	104
		_LcLCD         		CODE           	0CE0	0000	48
		_Espera        		CODE           	0D60	0000	36
		_CantaIR       		CODE           	0CAE	0000	50
		_CantaPartBaixa		CODE           	0994	0000	104
		_LcNewString   		CODE           	0E0A	0000	8

LcTLCD.c estimated size: 1004

TiTTimer.c
		_TiGetTics     		CODE           	0D10	0000	44
		_TiGetTimer    		CODE           	0BD2	0000	58
		_TiInitTimer   		CODE           	0C44	0000	56
		__TiRSITimer   		CODE           	0A64	0000	90
		_TiResetTics   		CODE           	0DC0	0000	24

TiTTimer.c estimated size: 272

TeTeclat.c
		_TeTeclat      		CODE           	0624	0000	356
		_TeInit        		CODE           	0E22	0000	8

TeTeclat.c estimated size: 364

shared
		__initialization		CODE           	0B10	0000	58

shared estimated size: 58

Usuaris.c
		_UgetNumUsuaris		CODE           	0E48	0000	4
		_UsetData      		CODE           	0DD8	0000	14
		_UcheckExists  		CODE           	0E4C	0000	4
		_UcheckExistsGetError		CODE           	0DE6	0000	12
		_Uinit         		CODE           	0862	0000	184

Usuaris.c estimated size: 218

main.c
		_main          		CODE           	0C0C	0000	56
		_init_ports    		CODE           	0D84	0000	32
		_high_rsi      		CODE           	0008	0000	42

main.c estimated size: 130

