Microchip MPLAB XC8 Compiler V2.32

Linker command line:

-W-3 --edf=C:\Program Files\Microchip\xc8\v2.32\pic\dat\en_msgs.txt -cn \
  -h+dist/default/production\LS-SDM-P2-B-LSSudoku.X.production.sym \
  --cmf=dist/default/production\LS-SDM-P2-B-LSSudoku.X.production.cmf -z \
  -Q18F4321 -oC:\Users\alber\AppData\Local\Temp\xcAs284.4 \
  --defsym=__MPLAB_BUILD=1 \
  -Mdist/default/production/LS-SDM-P2-B-LSSudoku.X.production.map -E1 \
  -ver=XC8 Compiler --acfsm=1493 -ASTACK=0B6h-0FFh -pstack=STACK \
  -ACODE=00h-01FFFh -ACONST=00h-01FFFh -ASMALLCONST=0200h-02FFhx30 \
  -AMEDIUMCONST=0200h-01FFFh -ACOMRAM=01h-07Fh -AABS1=00h-01FFh \
  -ABIGRAM=01h-01FFh -ARAM=080h-0FFh,0100h-01FFh -ABANK0=080h-0FFh \
  -ABANK1=0100h-01FFh -ASFR=0F80h-0FFFh -ACONFIG=0300000h-030000Dh \
  -AIDLOC=0200000h-0200007h -AEEDATA=0F00000h-0F000FFh -peeprom_data=EEDATA \
  -preset_vec=00h,intcode=08h,intcodelo,powerup,init -pramtop=0200h \
  -psmallconst=SMALLCONST -pmediumconst=MEDIUMCONST -pconst=CONST \
  -AFARRAM=00h-00h \
  -prdata=COMRAM,nvrram=COMRAM,nvbit=COMRAM,rbss=COMRAM,rbit=COMRAM \
  -pfarbss=FARRAM,fardata=FARRAM,nvFARRAM=FARRAM \
  -pintsave_regs=BIGRAM,bigbss=BIGRAM,bigdata=BIGRAM -pbss=RAM \
  -pidata=CODE,irdata=CODE,ibigdata=CODE,ifardata=CODE -prparam=COMRAM \
  C:\Users\alber\AppData\Local\Temp\xcAs284.o \
  dist/default/production\LS-SDM-P2-B-LSSudoku.X.production.o 

Object code version is 3.11

Machine type is 18F4321



                Name                               Link     Load   Length Selector   Space Scale
C:\Users\alber\AppData\Local\Temp\xcAs284.o
                idloc                            200000   200000        8        0       5
                config                           300000   300000        E        0       4
                init                                 32       32        4        4       0
                reset_vec                             0        0        4        0       0
dist/default/production\LS-SDM-P2-B-LSSudoku.X.production.o
                intcode                               8        8       2A        4       0
                idloc                            200000   200000        8        0       5
                config                           300000   300000        E        0       4
                temp                                 7A       7A        1        1       1
                smallconst                          200      200       CA      100       0
                text60                             1556     1556       5A      165       0
                text58                             1706     1706       3A      165       0
                text57                             1A1C     1A1C        8      CA5       0
                text56                             1840     1840       2C      165       0
                text55                             191A     191A       18      C7D       0
                text54                             18B4     18B4       24      165       0
                text53                             1430     1430       68      165       0
                text52                             13C8     13C8       68      165       0
                text51                             17E0     17E0       32      165       0
                text50                             168A     168A       40      165       0
                text49                             1648     1648       42      165       0
                text48                             1890     1890       24      165       0
                text47                             19C0     19C0        C      CA5       0
                text46                             19B4     19B4        C      CA5       0
                text45                             17AE     17AE       32      165       0
                text44                             15B0     15B0       52      165       0
                text43                              6D8      6D8      3D8      165       0
                text42                             195E     195E       12      CA5       0
                text41                             1A14     1A14        8      CA5       0
                text40                              FA2      FA2       EC      165       0
                text39                             12D8     12D8       7A      165       0
                text38                             19A8     19A8        C      CA5       0
                text37                             108E     108E       E0      165       0
                text36                             14F8     14F8       5E      165       0
                text35                             1A0C     1A0C        8      CA5       0
                text34                             1A04     1A04        8      CA5       0
                text33                              AB0      AB0      218      165       0
                text32                             19FC     19FC        8      CA5       0
                text31                             19F4     19F4        8      CA5       0
                text30                             19EC     19EC        8      CA5       0
                text29                             19E4     19E4        8      CA5       0
                text28                              E3E      E3E      164      165       0
                text27                             1740     1740       38      165       0
                text26                             1224     1224       B4      165       0
                text25                             1602     1602       46      165       0
                text24                             186C     186C       24      165       0
                text23                              CC8      CC8      176      165       0
                text22                             1812     1812       2E      165       0
                text21                             19DC     19DC        8      CA5       0
                text20                             19D4     19D4        8      CA5       0
                text19                             18FA     18FA       20      C7D       0
                text18                             199C     199C        C      CA5       0
                text17                             1778     1778       36      165       0
                text16                             1A44     1A44        4      CA5       0
                text15                             1A2A     1A2A        6      CA5       0
                text14                             1A24     1A24        6      CA5       0
                text13                             1A40     1A40        4      CA5       0
                text12                             1A3C     1A3C        4      CA5       0
                text11                             1A38     1A38        4      CA5       0
                text10                             19CC     19CC        8      CA5       0
                text9                              1990     1990        C      CA5       0
                text8                              1980     1980       10      CA5       0
                text7                              1970     1970       10      CA5       0
                text6                              1A34     1A34        4      CA5       0
                text5                              194A     194A       14      CA5       0
                text4                               2CA      2CA      40E      165       0
                text3                              116E     116E       B6      165       0
                text2                              1A30     1A30        4      CA5       0
                text1                              16CA     16CA       3C      165       0
                text0                              1498     1498       60      165       0
                cstackCOMRAM                         67       67       11        1       1
                cstackBANK0                          AF       AF        7       80       1
                bssBANK1                            100      100       B8      100       1
                dataBANK0                            98       98       17       80       1
                bssBANK0                             80       80       18       80       1
                dataCOMRAM                           46       46       21        1       1
                bssCOMRAM                             1        1       45        1       1
                bitbssCOMRAM                        3C0       78        B        1       1     8
                cinit                              1352     1352       76      165       0
                idataBANK0                         1932     1932       17      C7D       0
                idataCOMRAM                        18D8     18D8       21      165       0

TOTAL           Name                               Link     Load   Length     Space
        CLASS   STACK          

        CLASS   CODE           
                intcode                               8        8       2A         0
                init                                 32       32        4         0
                reset_vec                             0        0        4         0
                text60                             1556     1556       5A         0
                text58                             1706     1706       3A         0
                text57                             1A1C     1A1C        8         0
                text56                             1840     1840       2C         0
                text55                             191A     191A       18         0
                text54                             18B4     18B4       24         0
                text53                             1430     1430       68         0
                text52                             13C8     13C8       68         0
                text51                             17E0     17E0       32         0
                text50                             168A     168A       40         0
                text49                             1648     1648       42         0
                text48                             1890     1890       24         0
                text47                             19C0     19C0        C         0
                text46                             19B4     19B4        C         0
                text45                             17AE     17AE       32         0
                text44                             15B0     15B0       52         0
                text43                              6D8      6D8      3D8         0
                text42                             195E     195E       12         0
                text41                             1A14     1A14        8         0
                text40                              FA2      FA2       EC         0
                text39                             12D8     12D8       7A         0
                text38                             19A8     19A8        C         0
                text37                             108E     108E       E0         0
                text36                             14F8     14F8       5E         0
                text35                             1A0C     1A0C        8         0
                text34                             1A04     1A04        8         0
                text33                              AB0      AB0      218         0
                text32                             19FC     19FC        8         0
                text31                             19F4     19F4        8         0
                text30                             19EC     19EC        8         0
                text29                             19E4     19E4        8         0
                text28                              E3E      E3E      164         0
                text27                             1740     1740       38         0
                text26                             1224     1224       B4         0
                text25                             1602     1602       46         0
                text24                             186C     186C       24         0
                text23                              CC8      CC8      176         0
                text22                             1812     1812       2E         0
                text21                             19DC     19DC        8         0
                text20                             19D4     19D4        8         0
                text19                             18FA     18FA       20         0
                text18                             199C     199C        C         0
                text17                             1778     1778       36         0
                text16                             1A44     1A44        4         0
                text15                             1A2A     1A2A        6         0
                text14                             1A24     1A24        6         0
                text13                             1A40     1A40        4         0
                text12                             1A3C     1A3C        4         0
                text11                             1A38     1A38        4         0
                text10                             19CC     19CC        8         0
                text9                              1990     1990        C         0
                text8                              1980     1980       10         0
                text7                              1970     1970       10         0
                text6                              1A34     1A34        4         0
                text5                              194A     194A       14         0
                text4                               2CA      2CA      40E         0
                text3                              116E     116E       B6         0
                text2                              1A30     1A30        4         0
                text1                              16CA     16CA       3C         0
                text0                              1498     1498       60         0
                cinit                              1352     1352       76         0
                idataBANK0                         1932     1932       17         0
                idataCOMRAM                        18D8     18D8       21         0

        CLASS   CONST          

        CLASS   SMALLCONST     
                smallconst                          200      200       CA         0

        CLASS   MEDIUMCONST    

        CLASS   COMRAM         
                temp                                 7A       7A        1         1
                cstackCOMRAM                         67       67       11         1
                dataCOMRAM                           46       46       21         1
                bssCOMRAM                             1        1       45         1
                bitbssCOMRAM                        3C0       78        B         1

        CLASS   ABS1           

        CLASS   BIGRAM         

        CLASS   RAM            

        CLASS   BANK0          
                cstackBANK0                          AF       AF        7         1
                dataBANK0                            98       98       17         1
                bssBANK0                             80       80       18         1

        CLASS   BANK1          
                bssBANK1                            100      100       B8         1

        CLASS   SFR            

        CLASS   CONFIG         
                config                           300000   300000        E         4

        CLASS   IDLOC          
                idloc                            200000   200000        8         5

        CLASS   EEDATA         

        CLASS   FARRAM         



SEGMENTS        Name                           Load    Length   Top    Selector   Space  Class

                reset_vec                      000000  000004  000004         0       0  CODE    
                bssCOMRAM                      000001  00007A  00007B         1       1  COMRAM  
                intcode                        000008  00002E  000036         4       0  CODE    
                bssBANK0                       000080  000036  0000B6        80       1  BANK0   
                bssBANK1                       000100  0000B8  0001B8       100       1  BANK1   
                smallconst                     000200  0000CA  0002CA       100       0  SMALLCON
                text4                          0002CA  00162F  0018F9       165       0  CODE    
                text19                         0018FA  00004F  001949       C7D       0  CODE    
                text5                          00194A  0000FE  001A48       CA5       0  CODE    


UNUSED ADDRESS RANGES

        Name                Unused          Largest block    Delta
        BANK0            0000B6-0000FF               4A
        BANK1            0001B8-0001FF               48
        BIGRAM           00007B-00007F                5
                         0000B6-0000FF               4A
                         0001B8-0001FF               48
        CODE             000004-000007                4
                         000036-0001FF              1CA
                         0018F9-0018F9                1
                         001949-001949                1
                         001A48-001FFF              5B8
        COMRAM           00007B-00007F                5
        CONST            000004-000007                4
                         000036-0001FF              1CA
                         0018F9-0018F9                1
                         001949-001949                1
                         001A48-001FFF              5B8
        EEDATA           F00000-F000FF              100
        MEDIUMCONST      0018F9-0018F9                1
                         001949-001949                1
                         001A48-001FFF              5B8
        RAM              0000B6-0000FF               4A
                         0001B8-0001FF               48
        SFR              000F80-000FFF               80
        SMALLCONST       0018F9-0018F9                1
                         001949-001949                1
                         001A48-001FFF              100
        STACK            0000B6-0000FF               4A

                                  Symbol Table

?_TiGetTics                       cstackCOMRAM 00006C
?_UgetUserName                    cstackCOMRAM 00006C
CantaData@Data                    cstackCOMRAM 00006E
CantaIR@IR                        cstackCOMRAM 00006E
CantaPartAlta@c                   cstackCOMRAM 00006D
CantaPartBaixa@c                  cstackCOMRAM 00006D
EscriuPrimeraOrdre@ordre          cstackCOMRAM 00006D
Espera@Timer                      cstackCOMRAM 000076
Espera@ms                         cstackCOMRAM 000073
GLCDMostraMenu@num                cstackCOMRAM 00006C
GLCDMotor@j                       bssCOMRAM    000019
GLCDMotor@k1                      bssCOMRAM    000016
GLCDMotor@k2                      bssCOMRAM    000015
GLCDMotor@length1                 bssCOMRAM    000014
GLCDMotor@length2                 bssCOMRAM    000013
GLCDMotor@max1                    dataCOMRAM   00005E
GLCDMotor@max2                    dataCOMRAM   00005D
GLCDMotor@min1                    bssCOMRAM    000018
GLCDMotor@min2                    bssCOMRAM    000017
GLCDMotor@state                   bssCOMRAM    00001A
HActualitzaHora@nova              cstackCOMRAM 00006C
JoystickMotor@state               bssCOMRAM    000011
LcGotoXY@Column                   cstackBANK0  0000B3
LcGotoXY@Fisics                   cstackBANK0  0000AF
LcGotoXY@Row                      cstackCOMRAM 000074
LcInit@columns                    cstackCOMRAM 000077
LcInit@i                          cstackBANK0  0000B0
LcInit@rows                       cstackBANK0  0000AF
LcNewString@new_s                 cstackCOMRAM 00006F
LcPutChar@c                       cstackCOMRAM 000075
MNouJoystick@posicio              cstackCOMRAM 00006C
MNovaLletra@lletra                cstackCOMRAM 00006C
MsetNovaTecla@tecla               cstackCOMRAM 00006C
SMotor@state                      bssCOMRAM    000032
SsetNovaTecla@tecla               cstackCOMRAM 00006C
TeTeclat@cols                     bssCOMRAM    00002F
TeTeclat@files                    bssCOMRAM    00002E
TeTeclat@state                    bssCOMRAM    000030
TiGetTics@Handle                  cstackCOMRAM 000070
TiGetTics@actual                  cstackCOMRAM 000071
TiResetTics@Handle                cstackCOMRAM 00006C
UenviaChar@c                      cstackCOMRAM 00006D
UenviaChar@pos                    cstackCOMRAM 00006C
UenviaPas@c                       cstackCOMRAM 00006D
UenviaPas@pos                     cstackCOMRAM 00006C
UgetUserName@quin                 cstackCOMRAM 00006E
Uinit@i                           cstackCOMRAM 00006E
Uinit@j                           cstackCOMRAM 00006F
Uinit@j_1084                      cstackCOMRAM 000070
UmotorUsers@state                 bssCOMRAM    000021
WaitForBusy@Busy                  cstackCOMRAM 000073
_ADCON0                           (abs)        000FC2
_ADCON0bits                       (abs)        000FC2
_ADCON1                           (abs)        000FC1
_ADCON2                           (abs)        000FC0
_ADRESH                           (abs)        000FC4
_CantaData                        text45       0017AE
_CantaIR                          text51       0017E0
_CantaPartAlta                    text53       001430
_CantaPartBaixa                   text52       0013C8
_ColumnAct                        bssCOMRAM    000035
_Columns                          bssCOMRAM    000037
_EEADR                            (abs)        000FA9
_EECON1bits                       (abs)        000FA6
_EECON2                           (abs)        000FA7
_EEDATA                           (abs)        000FA8
_EscriuPrimeraOrdre               text39       0012D8
_Espera                           text54       0018B4
_GLCDInit                         text57       001A1C
_GLCDMostraMenu                   text18       00199C
_GLCDMotor                        text43       0006D8
_HActualitzaHora                  text17       001778
_INTCONbits                       (abs)        000FF2
_JoystickInit                     text42       00195E
_JoystickMotor                    text40       000FA2
_LATBbits                         (abs)        000F8A
_LATCbits                         (abs)        000F8B
_LATD                             (abs)        000F8C
_LATDbits                         (abs)        000F8C
_LcClear                          text48       001890
_LcCursorOff                      text38       0019A8
_LcGotoXY                         text49       001648
_LcGotoXY$342                     cstackBANK0  0000B1
_LcInit                           text37       00108E
_LcLCD                            text36       0014F8
_LcLliure                         text47       0019C0
_LcNewString                      text46       0019B4
_LcPutChar                        text44       0015B0
_MNouJoystick                     text41       001A14
_MNovaLletra                      text34       001A04
_Minit                            text35       001A0C
_MsetNovaTecla                    text30       0019EC
_NoFerMenu                        text16       001A44
_NovaTecla                        dataCOMRAM   000062
_PORTCbits                        (abs)        000F82
_PORTDbits                        (abs)        000F83
_RCONbits                         (abs)        000FD0
_RowAct                           bssCOMRAM    000036
_Rows                             bssCOMRAM    000038
_SMSoff                           text15       001A2A
_SMSon                            text14       001A24
_SMotor                           text33       000AB0
_SiFerMenu                        text13       001A40
_Sinit                            text32       0019FC
_SsetNovaTecla                    text29       0019E4
_T0CON                            (abs)        000FD5
_T0CONbits                        (abs)        000FD5
_TMR0H                            (abs)        000FD7
_TMR0L                            (abs)        000FD6
_TRISA                            (abs)        000F92
_TRISB                            (abs)        000F93
_TRISC                            (abs)        000F94
_TRISCbits                        (abs)        000F94
_TRISD                            (abs)        000F95
_TRISDbits                        (abs)        000F95
_TeInit                           text31       0019F4
_TeTeclat                         text28       000E3E
_TiGetTics                        text56       001840
_TiGetTimer                       text58       001706
_TiInitTimer                      text27       001740
_TiResetTics                      text55       00191A
_Timer                            bssCOMRAM    000034
_URegister                        text12       001A3C
_UcheckExists                     text11       001A38
_UcheckExistsGetError             text10       0019CC
_UcheckExistsNotFinished          text9        001990
_UenviaChar                       text8        001980
_UenviaPas                        text7        001970
_UgetNumUsuaris                   text6        001A34
_UgetUserName                     text5        00194A
_Uinit                            text26       001224
_UmotorUsers                      text23       000CC8
_WaitForBusy                      text50       00168A
__HRAM                            (abs)        000000
__Habs1                           abs1         000000
__Hbank0                          bank0        000000
__Hbank1                          bank1        000000
__Hbigbss                         bigbss       000000
__Hbigdata                        bigdata      000000
__Hbigram                         bigram       000000
__HbitbssCOMRAM                   bitbssCOMRAM 000000
__Hbss                            bss          000000
__HbssBANK0                       bssBANK0     000000
__HbssBANK1                       bssBANK1     000000
__HbssCOMRAM                      bssCOMRAM    000000
__Hcinit                          cinit        000000
__Hclrtext                        clrtext      000000
__Hcomram                         comram       000000
__Hconfig                         config       30000E
__Hconst                          const        000000
__HcstackBANK0                    cstackBANK0  000000
__HcstackCOMRAM                   cstackCOMRAM 000000
__Hdata                           data         000000
__HdataBANK0                      dataBANK0    000000
__HdataCOMRAM                     dataCOMRAM   000000
__Heeprom_data                    eeprom_data  000000
__Hfarbss                         farbss       000000
__Hfardata                        fardata      000000
__Hibigdata                       ibigdata     000000
__Hidata                          idata        000000
__HidataBANK0                     idataBANK0   000000
__HidataCOMRAM                    idataCOMRAM  000000
__Hidloc                          idloc        200008
__Hifardata                       ifardata     000000
__Hinit                           init         000036
__Hintcode                        intcode      000032
__Hintcode_body                   intcode_body 000000
__Hintcodelo                      intcodelo    000032
__Hintentry                       intentry     000000
__Hintret                         intret       000000
__Hintsave_regs                   intsave_regs 000000
__Hirdata                         irdata       000000
__Hmediumconst                    mediumconst  000000
__HnvFARRAM                       nvFARRAM     000000
__Hnvbit                          nvbit        000000
__Hnvrram                         nvrram       000000
__Hparam                          rparam       000000
__Hpowerup                        powerup      000032
__Hram                            ram          000000
__Hramtop                         ramtop       000200
__Hrbit                           rbit         000000
__Hrbss                           rbss         000000
__Hrdata                          rdata        000000
__Hreset_vec                      reset_vec    000004
__Hrparam                         rparam       000000
__Hsfr                            sfr          000000
__Hsmallconst                     smallconst   0002CA
__Hspace_0                        (abs)        001A48
__Hspace_1                        (abs)        0003CB
__Hspace_2                        (abs)        000000
__Hspace_4                        (abs)        60000E
__Hstack                          stack        000000
__Hstruct                         struct       000000
__Htemp                           temp         00007B
__Htext                           text         000000
__Htext0                          text0        000000
__Htext1                          text1        000000
__Htext10                         text10       000000
__Htext11                         text11       000000
__Htext12                         text12       000000
__Htext13                         text13       000000
__Htext14                         text14       000000
__Htext15                         text15       000000
__Htext16                         text16       000000
__Htext17                         text17       000000
__Htext18                         text18       000000
__Htext19                         text19       000000
__Htext2                          text2        000000
__Htext20                         text20       000000
__Htext21                         text21       000000
__Htext22                         text22       000000
__Htext23                         text23       000000
__Htext24                         text24       000000
__Htext25                         text25       000000
__Htext26                         text26       000000
__Htext27                         text27       000000
__Htext28                         text28       000000
__Htext29                         text29       000000
__Htext3                          text3        000000
__Htext30                         text30       000000
__Htext31                         text31       000000
__Htext32                         text32       000000
__Htext33                         text33       000000
__Htext34                         text34       000000
__Htext35                         text35       000000
__Htext36                         text36       000000
__Htext37                         text37       000000
__Htext38                         text38       000000
__Htext39                         text39       000000
__Htext4                          text4        000000
__Htext40                         text40       000000
__Htext41                         text41       000000
__Htext42                         text42       000000
__Htext43                         text43       000000
__Htext44                         text44       000000
__Htext45                         text45       000000
__Htext46                         text46       000000
__Htext47                         text47       000000
__Htext48                         text48       000000
__Htext49                         text49       000000
__Htext5                          text5        000000
__Htext50                         text50       000000
__Htext51                         text51       000000
__Htext52                         text52       000000
__Htext53                         text53       000000
__Htext54                         text54       000000
__Htext55                         text55       000000
__Htext56                         text56       000000
__Htext57                         text57       000000
__Htext58                         text58       000000
__Htext6                          text6        000000
__Htext60                         text60       000000
__Htext7                          text7        000000
__Htext8                          text8        000000
__Htext9                          text9        000000
__LRAM                            (abs)        000001
__Labs1                           abs1         000000
__Lbank0                          bank0        000000
__Lbank1                          bank1        000000
__Lbigbss                         bigbss       000000
__Lbigdata                        bigdata      000000
__Lbigram                         bigram       000000
__LbitbssCOMRAM                   bitbssCOMRAM 000000
__Lbss                            bss          000000
__LbssBANK0                       bssBANK0     000000
__LbssBANK1                       bssBANK1     000000
__LbssCOMRAM                      bssCOMRAM    000000
__Lcinit                          cinit        000000
__Lclrtext                        clrtext      000000
__Lcomram                         comram       000000
__Lconfig                         config       000000
__Lconst                          const        000000
__LcstackBANK0                    cstackBANK0  000000
__LcstackCOMRAM                   cstackCOMRAM 000000
__Ldata                           data         000000
__LdataBANK0                      dataBANK0    000000
__LdataCOMRAM                     dataCOMRAM   000000
__Leeprom_data                    eeprom_data  000000
__Lfarbss                         farbss       000000
__Lfardata                        fardata      000000
__Libigdata                       ibigdata     000000
__Lidata                          idata        000000
__LidataBANK0                     idataBANK0   000000
__LidataCOMRAM                    idataCOMRAM  000000
__Lidloc                          idloc        000000
__Lifardata                       ifardata     000000
__Linit                           init         000032
__Lintcode                        intcode      000008
__Lintcode_body                   intcode_body 000000
__Lintcodelo                      intcodelo    000032
__Lintentry                       intentry     000000
__Lintret                         intret       000000
__Lintsave_regs                   intsave_regs 000000
__Lirdata                         irdata       000000
__Lmediumconst                    mediumconst  000000
__LnvFARRAM                       nvFARRAM     000000
__Lnvbit                          nvbit        000000
__Lnvrram                         nvrram       000000
__Lparam                          rparam       000000
__Lpowerup                        powerup      000032
__Lram                            ram          000000
__Lramtop                         ramtop       000200
__Lrbit                           rbit         000000
__Lrbss                           rbss         000000
__Lrdata                          rdata        000000
__Lreset_vec                      reset_vec    000000
__Lrparam                         rparam       000000
__Lsfr                            sfr          000000
__Lsmallconst                     smallconst   000200
__Lspace_0                        (abs)        000000
__Lspace_1                        (abs)        000000
__Lspace_2                        (abs)        000000
__Lspace_4                        (abs)        000000
__Lstack                          stack        000000
__Lstruct                         struct       000000
__Ltemp                           temp         00007A
__Ltext                           text         000000
__Ltext0                          text0        000000
__Ltext1                          text1        000000
__Ltext10                         text10       000000
__Ltext11                         text11       000000
__Ltext12                         text12       000000
__Ltext13                         text13       000000
__Ltext14                         text14       000000
__Ltext15                         text15       000000
__Ltext16                         text16       000000
__Ltext17                         text17       000000
__Ltext18                         text18       000000
__Ltext19                         text19       000000
__Ltext2                          text2        000000
__Ltext20                         text20       000000
__Ltext21                         text21       000000
__Ltext22                         text22       000000
__Ltext23                         text23       000000
__Ltext24                         text24       000000
__Ltext25                         text25       000000
__Ltext26                         text26       000000
__Ltext27                         text27       000000
__Ltext28                         text28       000000
__Ltext29                         text29       000000
__Ltext3                          text3        000000
__Ltext30                         text30       000000
__Ltext31                         text31       000000
__Ltext32                         text32       000000
__Ltext33                         text33       000000
__Ltext34                         text34       000000
__Ltext35                         text35       000000
__Ltext36                         text36       000000
__Ltext37                         text37       000000
__Ltext38                         text38       000000
__Ltext39                         text39       000000
__Ltext4                          text4        000000
__Ltext40                         text40       000000
__Ltext41                         text41       000000
__Ltext42                         text42       000000
__Ltext43                         text43       000000
__Ltext44                         text44       000000
__Ltext45                         text45       000000
__Ltext46                         text46       000000
__Ltext47                         text47       000000
__Ltext48                         text48       000000
__Ltext49                         text49       000000
__Ltext5                          text5        000000
__Ltext50                         text50       000000
__Ltext51                         text51       000000
__Ltext52                         text52       000000
__Ltext53                         text53       000000
__Ltext54                         text54       000000
__Ltext55                         text55       000000
__Ltext56                         text56       000000
__Ltext57                         text57       000000
__Ltext58                         text58       000000
__Ltext6                          text6        000000
__Ltext60                         text60       000000
__Ltext7                          text7        000000
__Ltext8                          text8        000000
__Ltext9                          text9        000000
__S0                              (abs)        001A48
__S1                              (abs)        0001B8
__S2                              (abs)        000000
__S4                              (abs)        000000
__S5                              (abs)        000000
__TiRSITimer                      text60       001556
___inthi_sp                       stack        000000
___intlo_sp                       stack        000000
___param_bank                     (abs)        000000
___rparam_used                    (abs)        000001
___sp                             stack        000000
__accesstop                       (abs)        000080
__activetblptr                    (abs)        000002
__end_of_CantaData                text45       0017E0
__end_of_CantaIR                  text51       001812
__end_of_CantaPartAlta            text53       001498
__end_of_CantaPartBaixa           text52       001430
__end_of_EscriuPrimeraOrdre       text39       001352
__end_of_Espera                   text54       0018D8
__end_of_GLCDInit                 text57       001A24
__end_of_GLCDMostraMenu           text18       0019A8
__end_of_GLCDMotor                text43       000AB0
__end_of_HActualitzaHora          text17       0017AE
__end_of_JoystickInit             text42       001970
__end_of_JoystickMotor            text40       00108E
__end_of_LcClear                  text48       0018B4
__end_of_LcCursorOff              text38       0019B4
__end_of_LcGotoXY                 text49       00168A
__end_of_LcInit                   text37       00116E
__end_of_LcLCD                    text36       001556
__end_of_LcLliure                 text47       0019CC
__end_of_LcNewString              text46       0019C0
__end_of_LcPutChar                text44       001602
__end_of_MNouJoystick             text41       001A1C
__end_of_MNovaLletra              text34       001A0C
__end_of_Minit                    text35       001A14
__end_of_MsetNovaTecla            text30       0019F4
__end_of_NoFerMenu                text16       001A48
__end_of_SMSoff                   text15       001A30
__end_of_SMSon                    text14       001A2A
__end_of_SMotor                   text33       000CC8
__end_of_SiFerMenu                text13       001A44
__end_of_Sinit                    text32       001A04
__end_of_SsetNovaTecla            text29       0019EC
__end_of_TeInit                   text31       0019FC
__end_of_TeTeclat                 text28       000FA2
__end_of_TiGetTics                text56       00186C
__end_of_TiGetTimer               text58       001740
__end_of_TiInitTimer              text27       001778
__end_of_TiResetTics              text55       001932
__end_of_URegister                text12       001A40
__end_of_UcheckExists             text11       001A3C
__end_of_UcheckExistsGetError     text10       0019D4
__end_of_UcheckExistsNotFinished  text9        00199C
__end_of_UenviaChar               text8        001990
__end_of_UenviaPas                text7        001980
__end_of_UgetNumUsuaris           text6        001A38
__end_of_UgetUserName             text5        00195E
__end_of_Uinit                    text26       0012D8
__end_of_UmotorUsers              text23       000E3E
__end_of_WaitForBusy              text50       0016CA
__end_of__TiRSITimer              text60       0015B0
__end_of__initialization          cinit        0013BA
__end_of_compareStrings           text25       001648
__end_of_escriureCharEEPROM       text24       001890
__end_of_escriureEEPROM           text22       001840
__end_of_high_rsi                 intcode      000032
__end_of_initAltaveu              text21       0019E4
__end_of_initHora                 text20       0019DC
__end_of_init_ports               text19       00191A
__end_of_main                     text0        0014F8
__end_of_menu                     text4        0006D8
__end_of_menuList                 smallconst   000292
__end_of_motorAltaveu             text3        001224
__end_of_motorHora                text1        001706
__end_of_playAltaveu              text2        001A34
__initialization                  cinit        001352
__mediumconst                     mediumconst  000000
__pbitbssCOMRAM                   bitbssCOMRAM 0003C0
__pbssBANK0                       bssBANK0     000080
__pbssBANK1                       bssBANK1     000100
__pbssCOMRAM                      bssCOMRAM    000001
__pcinit                          cinit        001352
__pcstackBANK0                    cstackBANK0  0000AF
__pcstackCOMRAM                   cstackCOMRAM 000067
__pdataBANK0                      dataBANK0    000098
__pdataCOMRAM                     dataCOMRAM   000046
__pidataBANK0                     idataBANK0   001932
__pidataCOMRAM                    idataCOMRAM  0018D8
__pintcode                        intcode      000008
__psmallconst                     smallconst   000200
__ptext0                          text0        001498
__ptext1                          text1        0016CA
__ptext10                         text10       0019CC
__ptext11                         text11       001A38
__ptext12                         text12       001A3C
__ptext13                         text13       001A40
__ptext14                         text14       001A24
__ptext15                         text15       001A2A
__ptext16                         text16       001A44
__ptext17                         text17       001778
__ptext18                         text18       00199C
__ptext19                         text19       0018FA
__ptext2                          text2        001A30
__ptext20                         text20       0019D4
__ptext21                         text21       0019DC
__ptext22                         text22       001812
__ptext23                         text23       000CC8
__ptext24                         text24       00186C
__ptext25                         text25       001602
__ptext26                         text26       001224
__ptext27                         text27       001740
__ptext28                         text28       000E3E
__ptext29                         text29       0019E4
__ptext3                          text3        00116E
__ptext30                         text30       0019EC
__ptext31                         text31       0019F4
__ptext32                         text32       0019FC
__ptext33                         text33       000AB0
__ptext34                         text34       001A04
__ptext35                         text35       001A0C
__ptext36                         text36       0014F8
__ptext37                         text37       00108E
__ptext38                         text38       0019A8
__ptext39                         text39       0012D8
__ptext4                          text4        0002CA
__ptext40                         text40       000FA2
__ptext41                         text41       001A14
__ptext42                         text42       00195E
__ptext43                         text43       0006D8
__ptext44                         text44       0015B0
__ptext45                         text45       0017AE
__ptext46                         text46       0019B4
__ptext47                         text47       0019C0
__ptext48                         text48       001890
__ptext49                         text49       001648
__ptext5                          text5        00194A
__ptext50                         text50       00168A
__ptext51                         text51       0017E0
__ptext52                         text52       0013C8
__ptext53                         text53       001430
__ptext54                         text54       0018B4
__ptext55                         text55       00191A
__ptext56                         text56       001840
__ptext57                         text57       001A1C
__ptext58                         text58       001706
__ptext6                          text6        001A34
__ptext60                         text60       001556
__ptext7                          text7        001970
__ptext8                          text8        001980
__ptext9                          text9        001990
__ramtop                          ramtop       000200
__size_of_CantaData               (abs)        000000
__size_of_CantaIR                 (abs)        000000
__size_of_CantaPartAlta           (abs)        000000
__size_of_CantaPartBaixa          (abs)        000000
__size_of_EscriuPrimeraOrdre      (abs)        000000
__size_of_Espera                  (abs)        000000
__size_of_GLCDInit                (abs)        000000
__size_of_GLCDMostraMenu          (abs)        000000
__size_of_GLCDMotor               (abs)        000000
__size_of_HActualitzaHora         (abs)        000000
__size_of_JoystickInit            (abs)        000000
__size_of_JoystickMotor           (abs)        000000
__size_of_LcClear                 (abs)        000000
__size_of_LcCursorOff             (abs)        000000
__size_of_LcGotoXY                (abs)        000000
__size_of_LcInit                  (abs)        000000
__size_of_LcLCD                   (abs)        000000
__size_of_LcLliure                (abs)        000000
__size_of_LcNewString             (abs)        000000
__size_of_LcPutChar               (abs)        000000
__size_of_MNouJoystick            (abs)        000000
__size_of_MNovaLletra             (abs)        000000
__size_of_Minit                   (abs)        000000
__size_of_MsetNovaTecla           (abs)        000000
__size_of_NoFerMenu               (abs)        000000
__size_of_SMSoff                  (abs)        000000
__size_of_SMSon                   (abs)        000000
__size_of_SMotor                  (abs)        000000
__size_of_SiFerMenu               (abs)        000000
__size_of_Sinit                   (abs)        000000
__size_of_SsetNovaTecla           (abs)        000000
__size_of_TeInit                  (abs)        000000
__size_of_TeTeclat                (abs)        000000
__size_of_TiGetTics               (abs)        000000
__size_of_TiGetTimer              (abs)        000000
__size_of_TiInitTimer             (abs)        000000
__size_of_TiResetTics             (abs)        000000
__size_of_URegister               (abs)        000000
__size_of_UcheckExists            (abs)        000000
__size_of_UcheckExistsGetError    (abs)        000000
__size_of_UcheckExistsNotFinished (abs)        000000
__size_of_UenviaChar              (abs)        000000
__size_of_UenviaPas               (abs)        000000
__size_of_UgetNumUsuaris          (abs)        000000
__size_of_UgetUserName            (abs)        000000
__size_of_Uinit                   (abs)        000000
__size_of_UmotorUsers             (abs)        000000
__size_of_WaitForBusy             (abs)        000000
__size_of__TiRSITimer             (abs)        000000
__size_of_compareStrings          (abs)        000000
__size_of_escriureCharEEPROM      (abs)        000000
__size_of_escriureEEPROM          (abs)        000000
__size_of_high_rsi                (abs)        000000
__size_of_initAltaveu             (abs)        000000
__size_of_initHora                (abs)        000000
__size_of_init_ports              (abs)        000000
__size_of_main                    (abs)        000000
__size_of_menu                    (abs)        000000
__size_of_motorAltaveu            (abs)        000000
__size_of_motorHora               (abs)        000000
__size_of_playAltaveu             (abs)        000000
__smallconst                      smallconst   000200
_cap1                             bitbssCOMRAM 0003C2
_cap2                             bitbssCOMRAM 0003C1
_compareStrings                   text25       001602
_copsNota                         bssCOMRAM    00001E
_counter                          bssCOMRAM    00002D
_currentUsrIndex                  bssCOMRAM    000027
_do_check_exists                  bitbssCOMRAM 0003C7
_do_register                      bitbssCOMRAM 0003C6
_escriureCharEEPROM               text24       00186C
_escriureEEPROM                   text22       001812
_ferMenu                          bitbssCOMRAM 0003C4
_h_Tics                           bssCOMRAM    00000A
_high_rsi                         intcode      000008
_hora                             dataCOMRAM   000057
_horaTmp                          bssCOMRAM    000042
_i                                bssCOMRAM    000023
_indexNextUser                    bssCOMRAM    000025
_indexNextUserStruct              bssCOMRAM    000024
_indexUsuari                      bssCOMRAM    000029
_initAltaveu                      text21       0019DC
_initHora                         text20       0019D4
_init_ports                       text19       0018FA
_j                                bssCOMRAM    000022
_jugant                           bitbssCOMRAM 0003C0
_lletraASCII                      dataCOMRAM   000066
_lletraInici                      dataCOMRAM   000046
_loginNOTRegister                 bitbssCOMRAM 0003C8
_loginText                        dataCOMRAM   00004F
_main                             text0        001498
_menu                             text4        0002CA
_menuDalt                         bssCOMRAM    00002A
_menuDaltGLCD                     bssCOMRAM    00001B
_menuList                         smallconst   000201
_motorAltaveu                     text3        00116E
_motorHora                        text1        0016CA
_newString                        bitbssCOMRAM 0003C3
_nota                             bssCOMRAM    000020
_nou_s                            bitbssCOMRAM 0003CA
_novaDireccio                     dataCOMRAM   000060
_novaLletra                       dataCOMRAM   000061
_novaTecla                        dataCOMRAM   000065
_numUsuaris                       bssCOMRAM    000026
_playAltaveu                      text2        001A30
_registerText                     dataBANK0    000098
_reproduir                        bitbssCOMRAM 0003C5
_s_Timers                         bssBANK0     000080
_s_ptr                            bssCOMRAM    00000C
_segons                           bssCOMRAM    00000F
_setSMSon                         bitbssCOMRAM 0003C9
_sumaPulsacions                   bssCOMRAM    000033
_teclaPremuda                     dataBANK0    0000A3
_tiTeclat                         bssCOMRAM    000031
_timerAltaveu                     bssCOMRAM    00001F
_timerGLCD                        bssCOMRAM    00001C
_timerHora                        bssCOMRAM    000010
_timerMenu                        bssCOMRAM    00002B
_timerSMS                         dataCOMRAM   000064
_tmp                              bssCOMRAM    00002C
_tmpPassword                      bssCOMRAM    000001
_tmpUsername                      bssCOMRAM    000039
_ultimaTecla                      dataCOMRAM   000063
_ultimaTeclaAD                    bssCOMRAM    000012
_usuariLoguejat                   dataCOMRAM   00005F
_usuaris                          bssBANK1     000100
btemp                             temp         00007A
compareStrings@a                  cstackCOMRAM 00006C
compareStrings@b                  cstackCOMRAM 00006D
end_of_initialization             cinit        0013BA
escriureCharEEPROM@c              cstackCOMRAM 00006D
escriureCharEEPROM@pos            cstackCOMRAM 00006C
escriureEEPROM@caca               cstackCOMRAM 00006C
int$flags                         temp         00007A
intlevel0                         text         000000
intlevel1                         text         000000
intlevel2                         text         000000
intlevel3                         text         000000
isa$std                           (abs)        000001
isa$xinst                         (abs)        000000
menu@state                        bssCOMRAM    000028
motorAltaveu@state                bssCOMRAM    00001D
motorHora@state                   bssCOMRAM    00000E
stackhi                           (abs)        0000FF
stacklo                           (abs)        0000B6
start                             init         000032
start_initialization              cinit        001352
ttemp5                            temp         00007B
ttemp6                            temp         00007E
ttemp7                            temp         000082
wtemp8                            temp         00007B


MODULE INFORMATION

Module		Function		Class		Link	Load	Size
GestioLCD.c
		_GLCDMostraMenu		CODE           	199C	0000	12
		_GLCDMotor     		CODE           	06D8	0000	984
		_SiFerMenu     		CODE           	1A40	0000	4
		_NoFerMenu     		CODE           	1A44	0000	4
		_GLCDInit      		CODE           	1A1C	0000	8

GestioLCD.c estimated size: 1012

Hora.c
		_initHora      		CODE           	19D4	0000	8
		_HActualitzaHora		CODE           	1778	0000	54
		_motorHora     		CODE           	16CA	0000	60

Hora.c estimated size: 122

Ssms.c
		_SMSoff        		CODE           	1A2A	0000	6
		_SMSon         		CODE           	1A24	0000	6
		_SsetNovaTecla 		CODE           	19E4	0000	8
		_SMotor        		CODE           	0AB0	0000	536
		_Sinit         		CODE           	19FC	0000	8

Ssms.c estimated size: 564

Menu.c
		_menu          		CODE           	02CA	0000	1038
		_MsetNovaTecla 		CODE           	19EC	0000	8
		_MNouJoystick  		CODE           	1A14	0000	8
		_MNovaLletra   		CODE           	1A04	0000	8
		_Minit         		CODE           	1A0C	0000	8

Menu.c estimated size: 1070

LcTLCD.c
		_LcPutChar     		CODE           	15B0	0000	82
		_EscriuPrimeraOrdre		CODE           	12D8	0000	122
		_WaitForBusy   		CODE           	168A	0000	64
		_LcGotoXY      		CODE           	1648	0000	66
		_LcLliure      		CODE           	19C0	0000	12
		_LcClear       		CODE           	1890	0000	36
		_CantaData     		CODE           	17AE	0000	50
		_LcCursorOff   		CODE           	19A8	0000	12
		_LcInit        		CODE           	108E	0000	224
		_CantaPartAlta 		CODE           	1430	0000	104
		_LcLCD         		CODE           	14F8	0000	94
		_Espera        		CODE           	18B4	0000	36
		_CantaIR       		CODE           	17E0	0000	50
		_CantaPartBaixa		CODE           	13C8	0000	104
		_LcNewString   		CODE           	19B4	0000	12

LcTLCD.c estimated size: 1068

TiTTimer.c
		_TiGetTics     		CODE           	1840	0000	44
		_TiGetTimer    		CODE           	1706	0000	58
		_TiInitTimer   		CODE           	1740	0000	56
		__TiRSITimer   		CODE           	1556	0000	90
		_TiResetTics   		CODE           	191A	0000	24

TiTTimer.c estimated size: 272

TeTeclat.c
		_TeTeclat      		CODE           	0E3E	0000	356
		_TeInit        		CODE           	19F4	0000	8

TeTeclat.c estimated size: 364

shared
		__initialization		CODE           	1352	0000	104
		_menuList      		SMALLCONST     	0201	0000	145

shared estimated size: 249

Joystick.c
		_JoystickInit  		CODE           	195E	0000	18
		_JoystickMotor 		CODE           	0FA2	0000	236

Joystick.c estimated size: 254

Altaveu.c
		_initAltaveu   		CODE           	19DC	0000	8
		_playAltaveu   		CODE           	1A30	0000	4
		_motorAltaveu  		CODE           	116E	0000	182

Altaveu.c estimated size: 194

Usuaris.c
		_UgetUserName  		CODE           	194A	0000	20
		_URegister     		CODE           	1A3C	0000	4
		_UgetNumUsuaris		CODE           	1A34	0000	4
		_UenviaPas     		CODE           	1970	0000	16
		_compareStrings		CODE           	1602	0000	70
		_UenviaChar    		CODE           	1980	0000	16
		_escriureEEPROM		CODE           	1812	0000	46
		_UcheckExists  		CODE           	1A38	0000	4
		_UcheckExistsGetError		CODE           	19CC	0000	8
		_escriureCharEEPROM		CODE           	186C	0000	36
		_UcheckExistsNotFinished		CODE           	1990	0000	12
		_UmotorUsers   		CODE           	0CC8	0000	374
		_Uinit         		CODE           	1224	0000	180

Usuaris.c estimated size: 790

main.c
		_main          		CODE           	1498	0000	96
		_init_ports    		CODE           	18FA	0000	32
		_high_rsi      		CODE           	0008	0000	42

main.c estimated size: 170

