Microchip MPLAB XC8 Compiler V2.32

Linker command line:

-W-3 --edf=C:\Program Files\Microchip\xc8\v2.32\pic\dat\en_msgs.txt -cn \
  -h+dist/default/production\LS-SDM-P2-B-LSSudoku.X.production.sym \
  --cmf=dist/default/production\LS-SDM-P2-B-LSSudoku.X.production.cmf -z \
  -Q18F4321 -oC:\Users\alber\AppData\Local\Temp\xcAse0c.4 \
  --defsym=__MPLAB_BUILD=1 \
  -Mdist/default/production/LS-SDM-P2-B-LSSudoku.X.production.map -E1 \
  -ver=XC8 Compiler --acfsm=1493 -ASTACK=0190h-01FFh -pstack=STACK \
  -ACODE=00h-01FFFh -ACONST=00h-01FFFh -ASMALLCONST=0200h-02FFhx30 \
  -AMEDIUMCONST=0200h-01FFFh -ACOMRAM=01h-07Fh -AABS1=00h-01FFh \
  -ABIGRAM=01h-01FFh -ARAM=080h-0FFh,0100h-01FFh -ABANK0=080h-0FFh \
  -ABANK1=0100h-01FFh -ASFR=0F80h-0FFFh -ACONFIG=0300000h-030000Dh \
  -AIDLOC=0200000h-0200007h -AEEDATA=0F00000h-0F000FFh -peeprom_data=EEDATA \
  -preset_vec=00h,intcode=08h,intcodelo,powerup,init -pramtop=0200h \
  -psmallconst=SMALLCONST -pmediumconst=MEDIUMCONST -pconst=CONST \
  -AFARRAM=00h-00h \
  -prdata=COMRAM,nvrram=COMRAM,nvbit=COMRAM,rbss=COMRAM,rbit=COMRAM \
  -pfarbss=FARRAM,fardata=FARRAM,nvFARRAM=FARRAM \
  -pintsave_regs=BIGRAM,bigbss=BIGRAM,bigdata=BIGRAM -pbss=RAM \
  -pidata=CODE,irdata=CODE,ibigdata=CODE,ifardata=CODE -prparam=COMRAM \
  C:\Users\alber\AppData\Local\Temp\xcAse0c.o \
  dist/default/production\LS-SDM-P2-B-LSSudoku.X.production.o 

Object code version is 3.11

Machine type is 18F4321



                Name                               Link     Load   Length Selector   Space Scale
C:\Users\alber\AppData\Local\Temp\xcAse0c.o
                idloc                            200000   200000        8        0       5
                config                           300000   300000        E        0       4
                init                                 32       32        4        4       0
                reset_vec                             0        0        4        0       0
dist/default/production\LS-SDM-P2-B-LSSudoku.X.production.o
                intcode                               8        8       2A        4       0
                idloc                            200000   200000        8        0       5
                config                           300000   300000        E        0       4
                temp                                 78       78        1        1       1
                smallconst                          200      200       F0      100       0
                text95                             1C54     1C54       48      178       0
                text93                             1EC4     1EC4       24      178       0
                text92                             1DB8     1DB8       2C      178       0
                text91                              198      198        8        4       0
                text90                             1E32     1E32       26      178       0
                text89                             1F82     1F82       1C      178       0
                text88                             1F0A     1F0A       22      178       0
                text87                             1B56     1B56       66      178       0
                text86                             1AF0     1AF0       66      178       0
                text85                             1F66     1F66       1C      178       0
                text84                             1CDA     1CDA       3E      178       0
                text83                             1D84     1D84       34      178       0
                text82                             1EE8     1EE8       22      178       0
                text81                               FA       FA        C        4       0
                text80                               EE       EE        C        4       0
                text79                             1D18     1D18       38      178       0
                text78                             1C0C     1C0C       48      178       0
                text77                              D66      D66      298      178       0
                text76                               4A       4A       12        4       0
                text75                              190      190        8        4       0
                text74                             1640     1640       D6      178       0
                text73                             1990     1990       7C      178       0
                text72                             1716     1716       BE      178       0
                text71                             1BBC     1BBC       50      178       0
                text70                              188      188        8        4       0
                text69                              180      180        8        4       0
                text68                             1282     1282      1AE      178       0
                text67                              178      178        8        4       0
                text66                              170      170        8        4       0
                text65                              168      168        8        4       0
                text64                              160      160        8        4       0
                text63                             1430     1430      13A      178       0
                text62                             1DE4     1DE4       28      178       0
                text61                             1D50     1D50       34      178       0
                text60                               7C       7C       10        4       0
                text59                             156A     156A       D6      178       0
                text58                             1C9C     1C9C       3E      178       0
                text57                             1E0C     1E0C       26      178       0
                text56                              FFE      FFE      284      178       0
                text55                              158      158        8        4       0
                text54                              150      150        8        4       0
                text53                              148      148        8        4       0
                text52                             1FD4     1FD4       16      FEA       0
                text51                             1F2C     1F2C       1E      178       0
                text50                              140      140        8        4       0
                text49                               E2       E2        C        4       0
                text48                              1F8      1F8        4        4       0
                text47                              1F4      1F4        4        4       0
                text46                               D6       D6        C        4       0
                text45                             1EA0     1EA0       24      178       0
                text44                              138      138        8        4       0
                text43                              1F0      1F0        4        4       0
                text42                              130      130        8        4       0
                text41                              128      128        8        4       0
                text40                              1B2      1B2        6        4       0
                text39                              1EC      1EC        4        4       0
                text38                              1E8      1E8        4        4       0
                text37                              1AC      1AC        6        4       0
                text36                              1A6      1A6        6        4       0
                text35                              1E4      1E4        4        4       0
                text34                              1E0      1E0        4        4       0
                text33                              1DC      1DC        4        4       0
                text32                              1D8      1D8        4        4       0
                text31                               CA       CA        C        4       0
                text30                               6C       6C       10        4       0
                text29                               5C       5C       10        4       0
                text28                              1D4      1D4        4        4       0
                text27                               8C       8C        E        4       0
                text26                               36       36       14        4       0
                text25                             1FEA     1FEA       14      FEA       0
                text24                               BE       BE        C        4       0
                text23                              1D0      1D0        4        4       0
                text22                               B2       B2        C        4       0
                text21                             1F4A     1F4A       1C      178       0
                text20                             1E7C     1E7C       24      178       0
                text19                              2F0      2F0      782      178       0
                text18                             187A     187A       92      178       0
                text17                              1CC      1CC        4        4       0
                text16                             190C     190C       84      178       0
                text15                              1C8      1C8        4        4       0
                text14                              1C4      1C4        4        4       0
                text13                              1A0      1A0        6        4       0
                text12                               A6       A6        C        4       0
                text11                              1C0      1C0        4        4       0
                text10                              1BC      1BC        4        4       0
                text9                               120      120        8        4       0
                text8                               118      118        8        4       0
                text7                               110      110        8        4       0
                text6                                9A       9A        C        4       0
                text5                               1B8      1B8        4        4       0
                text4                              1E58     1E58       24      178       0
                text3                              17D4     17D4       A6      178       0
                text2                               106      106        A        4       0
                text1                               A72      A72      2F4      178       0
                text0                              1A84     1A84       6C      178       0
                cstackCOMRAM                         5F       5F       16        1       1
                cstackBANK0                          D7       D7        5       80       1
                bssBANK1                            100      100       90      100       1
                dataBANK0                            BC       BC       1B       80       1
                bssBANK0                             80       80       3C       80       1
                dataCOMRAM                           45       45       1A        1       1
                bssCOMRAM                             1        1       44        1       1
                bitbssCOMRAM                        3A8       75       13        1       1     8
                cinit                              1A0C     1A0C       78      178       0
                idataBANK0                         1F9E     1F9E       1B      178       0
                idataCOMRAM                        1FB9     1FB9       1A      178       0

TOTAL           Name                               Link     Load   Length     Space
        CLASS   STACK          

        CLASS   CODE           
                intcode                               8        8       2A         0
                init                                 32       32        4         0
                reset_vec                             0        0        4         0
                text95                             1C54     1C54       48         0
                text93                             1EC4     1EC4       24         0
                text92                             1DB8     1DB8       2C         0
                text91                              198      198        8         0
                text90                             1E32     1E32       26         0
                text89                             1F82     1F82       1C         0
                text88                             1F0A     1F0A       22         0
                text87                             1B56     1B56       66         0
                text86                             1AF0     1AF0       66         0
                text85                             1F66     1F66       1C         0
                text84                             1CDA     1CDA       3E         0
                text83                             1D84     1D84       34         0
                text82                             1EE8     1EE8       22         0
                text81                               FA       FA        C         0
                text80                               EE       EE        C         0
                text79                             1D18     1D18       38         0
                text78                             1C0C     1C0C       48         0
                text77                              D66      D66      298         0
                text76                               4A       4A       12         0
                text75                              190      190        8         0
                text74                             1640     1640       D6         0
                text73                             1990     1990       7C         0
                text72                             1716     1716       BE         0
                text71                             1BBC     1BBC       50         0
                text70                              188      188        8         0
                text69                              180      180        8         0
                text68                             1282     1282      1AE         0
                text67                              178      178        8         0
                text66                              170      170        8         0
                text65                              168      168        8         0
                text64                              160      160        8         0
                text63                             1430     1430      13A         0
                text62                             1DE4     1DE4       28         0
                text61                             1D50     1D50       34         0
                text60                               7C       7C       10         0
                text59                             156A     156A       D6         0
                text58                             1C9C     1C9C       3E         0
                text57                             1E0C     1E0C       26         0
                text56                              FFE      FFE      284         0
                text55                              158      158        8         0
                text54                              150      150        8         0
                text53                              148      148        8         0
                text52                             1FD4     1FD4       16         0
                text51                             1F2C     1F2C       1E         0
                text50                              140      140        8         0
                text49                               E2       E2        C         0
                text48                              1F8      1F8        4         0
                text47                              1F4      1F4        4         0
                text46                               D6       D6        C         0
                text45                             1EA0     1EA0       24         0
                text44                              138      138        8         0
                text43                              1F0      1F0        4         0
                text42                              130      130        8         0
                text41                              128      128        8         0
                text40                              1B2      1B2        6         0
                text39                              1EC      1EC        4         0
                text38                              1E8      1E8        4         0
                text37                              1AC      1AC        6         0
                text36                              1A6      1A6        6         0
                text35                              1E4      1E4        4         0
                text34                              1E0      1E0        4         0
                text33                              1DC      1DC        4         0
                text32                              1D8      1D8        4         0
                text31                               CA       CA        C         0
                text30                               6C       6C       10         0
                text29                               5C       5C       10         0
                text28                              1D4      1D4        4         0
                text27                               8C       8C        E         0
                text26                               36       36       14         0
                text25                             1FEA     1FEA       14         0
                text24                               BE       BE        C         0
                text23                              1D0      1D0        4         0
                text22                               B2       B2        C         0
                text21                             1F4A     1F4A       1C         0
                text20                             1E7C     1E7C       24         0
                text19                              2F0      2F0      782         0
                text18                             187A     187A       92         0
                text17                              1CC      1CC        4         0
                text16                             190C     190C       84         0
                text15                              1C8      1C8        4         0
                text14                              1C4      1C4        4         0
                text13                              1A0      1A0        6         0
                text12                               A6       A6        C         0
                text11                              1C0      1C0        4         0
                text10                              1BC      1BC        4         0
                text9                               120      120        8         0
                text8                               118      118        8         0
                text7                               110      110        8         0
                text6                                9A       9A        C         0
                text5                               1B8      1B8        4         0
                text4                              1E58     1E58       24         0
                text3                              17D4     17D4       A6         0
                text2                               106      106        A         0
                text1                               A72      A72      2F4         0
                text0                              1A84     1A84       6C         0
                cinit                              1A0C     1A0C       78         0
                idataBANK0                         1F9E     1F9E       1B         0
                idataCOMRAM                        1FB9     1FB9       1A         0

        CLASS   CONST          

        CLASS   SMALLCONST     
                smallconst                          200      200       F0         0

        CLASS   MEDIUMCONST    

        CLASS   COMRAM         
                temp                                 78       78        1         1
                cstackCOMRAM                         5F       5F       16         1
                dataCOMRAM                           45       45       1A         1
                bssCOMRAM                             1        1       44         1
                bitbssCOMRAM                        3A8       75       13         1

        CLASS   ABS1           

        CLASS   BIGRAM         

        CLASS   RAM            

        CLASS   BANK0          
                cstackBANK0                          D7       D7        5         1
                dataBANK0                            BC       BC       1B         1
                bssBANK0                             80       80       3C         1

        CLASS   BANK1          
                bssBANK1                            100      100       90         1

        CLASS   SFR            

        CLASS   CONFIG         
                config                           300000   300000        E         4

        CLASS   IDLOC          
                idloc                            200000   200000        8         5

        CLASS   EEDATA         

        CLASS   FARRAM         



SEGMENTS        Name                           Load    Length   Top    Selector   Space  Class

                reset_vec                      000000  000004  000004         0       0  CODE    
                bssCOMRAM                      000001  000078  000079         1       1  COMRAM  
                intcode                        000008  0001F4  0001FC         4       0  CODE    
                bssBANK0                       000080  00005C  0000DC        80       1  BANK0   
                bssBANK1                       000100  000090  000190       100       1  BANK1   
                smallconst                     000200  0000F0  0002F0       100       0  SMALLCON
                text19                         0002F0  001CE3  001FD3       178       0  CODE    
                text52                         001FD4  00002A  001FFE       FEA       0  CODE    


UNUSED ADDRESS RANGES

        Name                Unused          Largest block    Delta
        BANK0            0000DC-0000FF               24
        BANK1            000190-0001FF               70
        BIGRAM           000079-00007F                7
                         0000DC-0000FF               24
                         000190-0001FF               70
        CODE             000004-000007                4
                         0001FC-0001FF                4
                         001FD3-001FD3                1
                         001FFE-001FFF                2
        COMRAM           000079-00007F                7
        CONST            000004-000007                4
                         0001FC-0001FF                4
                         001FD3-001FD3                1
                         001FFE-001FFF                2
        EEDATA           F00000-F000FF              100
        MEDIUMCONST      001FD3-001FD3                1
                         001FFE-001FFF                2
        RAM              0000DC-0000FF               24
                         000190-0001FF               70
        SFR              000F80-000FFF               80
        SMALLCONST       001FD3-001FD3                1
                         001FFE-001FFF                2
        STACK            000190-0001FF               70

                                  Symbol Table

?_TiGetTics                       cstackCOMRAM 000064
?_UgetUserName                    cstackCOMRAM 000064
?_getArrayShowUsers               cstackCOMRAM 000064
CToAConverteix@numero             cstackCOMRAM 000064
CantaData@Data                    cstackCOMRAM 000066
CantaIR@IR                        cstackCOMRAM 000066
CantaPartAlta@c                   cstackCOMRAM 000065
CantaPartBaixa@c                  cstackCOMRAM 000065
EscriuPrimeraOrdre@ordre          cstackCOMRAM 000065
Espera@Timer                      cstackCOMRAM 00006E
Espera@ms                         cstackCOMRAM 00006B
GLCDMostraMenu@num                cstackCOMRAM 000064
GLCDMotor@j                       bssCOMRAM    00001F
GLCDMotor@k1                      bssCOMRAM    00001C
GLCDMotor@k2                      bssCOMRAM    00001B
GLCDMotor@length1                 bssCOMRAM    00001A
GLCDMotor@length2                 bssCOMRAM    000019
GLCDMotor@max1                    dataCOMRAM   00004E
GLCDMotor@max2                    dataCOMRAM   00004D
GLCDMotor@min1                    bssCOMRAM    00001E
GLCDMotor@min2                    bssCOMRAM    00001D
GLCDMotor@state                   bssCOMRAM    000020
HActualitzaHora@nova              cstackCOMRAM 000064
JJuguem@usuari                    cstackCOMRAM 000064
JnovaDireccio@dir                 cstackCOMRAM 000064
JnovaTecla@tecla                  cstackCOMRAM 000064
JoystickMotor@state               bssCOMRAM    000017
LcGotoXY@Column                   cstackCOMRAM 000071
LcGotoXY@Fisics                   cstackCOMRAM 00006D
LcGotoXY@Row                      cstackCOMRAM 00006C
LcInit@i                          cstackCOMRAM 000070
LcInit@rows                       cstackCOMRAM 00006F
LcNewString@new_s                 cstackCOMRAM 000067
LcPutChar@c                       cstackCOMRAM 000072
MNouJoystick@posicio              cstackCOMRAM 000064
MNovaLletra@lletra                cstackCOMRAM 000064
MsetNovaTecla@tecla               cstackCOMRAM 000064
PL10                              text19       000A24
PL12                              text77       000FEA
PL14                              text63       001554
PL16                              text92       001DD6
PL18                              text56       001230
PL2                               text77       000FCA
PL20                              text56       00124C
PL22                              text56       00125A
PL24                              text18       0018F4
PL26                              text56       001268
PL28                              text1        000D2E
PL30                              text89       001F92
PL32                              text19       000A30
PL34                              text79       001D38
PL36                              text19       000A3A
PL38                              text71       001BF2
PL4                               text77       000FD8
PL40                              text59       00161A
PL42                              text73       0019F4
PL44                              text59       001628
PL46                              text19       000A40
PL48                              text71       001C00
PL50                              text19       000A4A
PL52                              text1        000D3A
PL54                              text1        000D46
PL56                              text58       001CC6
PL58                              text1        000D52
PL6                               text63       00154A
PL60                              text56       00127A
PL62                              text59       001636
PL64                              text82       001F00
PL66                              text72       0017CA
PL68                              text87       001BB2
PL70                              text77       000FF4
PL72                              text58       001CD0
PL74                              text79       001D46
PL76                              text68       001426
PL78                              text86       001B4C
PL8                               text77       000FE0
PL80                              text26       000042
PL82                              text1        000D5C
PL84                              text95       001C92
PL86                              text73       001A02
PL88                              text78       001C4C
PL90                              text19       000A56
PL92                              text19       000A5C
PL94                              text19       000A62
PL96                              text19       000A6A
SIONovaDireccio@num               cstackCOMRAM 000064
SIONovaTecla@tecla                cstackCOMRAM 000064
SIOStartGame@usuari               cstackCOMRAM 000064
SMotor@state                      bssCOMRAM    000039
SsetNovaTecla@tecla               cstackCOMRAM 000064
TeTeclat@cols                     bssCOMRAM    000036
TeTeclat@files                    bssCOMRAM    000035
TeTeclat@state                    bssCOMRAM    000037
TiGetTics@Handle                  cstackCOMRAM 000068
TiGetTics@actual                  cstackCOMRAM 000069
TiResetTics@Handle                cstackCOMRAM 000064
UenviaChar@c                      cstackCOMRAM 000065
UenviaChar@pos                    cstackCOMRAM 000064
UenviaPas@c                       cstackCOMRAM 000065
UenviaPas@pos                     cstackCOMRAM 000064
UgetScore@quin                    cstackCOMRAM 000064
UgetTop5@quin                     cstackCOMRAM 000064
UgetUserName@quin                 cstackCOMRAM 000066
Uinit@k                           cstackCOMRAM 00006A
Uinit@k_1175                      cstackCOMRAM 00006B
UmotorUsers@state                 bssCOMRAM    000027
UnewScore@scoretmp                cstackCOMRAM 000064
WaitForBusy@Busy                  cstackCOMRAM 00006B
_ADCON0                           (abs)        000FC2
_ADCON0bits                       (abs)        000FC2
_ADCON1                           (abs)        000FC1
_ADCON2                           (abs)        000FC0
_ADRESH                           (abs)        000FC4
_BAUDCON                          (abs)        000FB8
_CToAConverteix                   text49       0000E2
_CToAHaAcabat                     text48       0001F8
_CToAReset                        text50       000140
_CToAobtenir                      text47       0001F4
_CantaData                        text79       001D18
_CantaIR                          text85       001F66
_CantaPartAlta                    text87       001B56
_CantaPartBaixa                   text86       001AF0
_ColumnAct                        bssCOMRAM    00003E
_CtoA                             text93       001EC4
_EEADR                            (abs)        000FA9
_EECON1bits                       (abs)        000FA6
_EECON2                           (abs)        000FA7
_EEDATA                           (abs)        000FA8
_EscriuPrimeraOrdre               text73       001990
_Espera                           text88       001F0A
_GLCDInit                         text91       000198
_GLCDMostraMenu                   text46       0000D6
_GLCDMotor                        text77       000D66
_HActualitzaHora                  text45       001EA0
_HClearNouSegon                   text15       0001C8
_HGetTime                         text14       0001C4
_HJugant                          text13       0001A0
_HNouSegon                        text12       0000A6
_HnoJugant                        text11       0001C0
_INTCONbits                       (abs)        000FF2
_JJuguem                          text44       000138
_JendGame                         text43       0001F0
_JnovaDireccio                    text42       000130
_JnovaTecla                       text41       000128
_JoystickInit                     text76       00004A
_JoystickMotor                    text74       001640
_Krebut                           bitbssCOMRAM 0003A9
_LATBbits                         (abs)        000F8A
_LATCbits                         (abs)        000F8B
_LATD                             (abs)        000F8C
_LATDbits                         (abs)        000F8C
_LcClear                          text82       001EE8
_LcGotoXY                         text83       001D84
_LcGotoXY$334                     cstackCOMRAM 00006F
_LcInit                           text72       001716
_LcLCD                            text71       001BBC
_LcLliure                         text81       0000FA
_LcNewString                      text80       0000EE
_LcPutChar                        text78       001C0C
_LcScroll                         text40       0001B2
_MNouJoystick                     text75       000190
_MNovaLletra                      text69       000180
_Minit                            text70       000188
_MsetNovaTecla                    text65       000168
_NoFerMenu                        text39       0001EC
_NovaTecla                        dataCOMRAM   000052
_PIR1bits                         (abs)        000F9E
_PORTCbits                        (abs)        000F82
_PORTDbits                        (abs)        000F83
_RCONbits                         (abs)        000FD0
_RCREG                            (abs)        000FAE
_RCSTA                            (abs)        000FAB
_RowAct                           bssCOMRAM    00003F
_Rows                             bssCOMRAM    000040
_SIOEnviaHora                     text10       0001BC
_SIOHaAcabatPuntuacions           text38       0001E8
_SIONovaDireccio                  text9        000120
_SIONovaTecla                     text8        000118
_SIOStartGame                     text7        000110
_SIOcheckKrebut                   text6        00009A
_SIOendGame                       text5        0001B8
_SMSoff                           text37       0001AC
_SMSon                            text36       0001A6
_SMotor                           text68       001282
_SPBRG                            (abs)        000FAF
_SPBRGH                           (abs)        000FB0
_SiFerMenu                        text35       0001E4
_Sinit                            text67       000178
_SsetNovaTecla                    text64       000160
_T0CON                            (abs)        000FD5
_T0CONbits                        (abs)        000FD5
_TMR0H                            (abs)        000FD7
_TMR0L                            (abs)        000FD6
_TRISA                            (abs)        000F92
_TRISB                            (abs)        000F93
_TRISC                            (abs)        000F94
_TRISCbits                        (abs)        000F94
_TRISD                            (abs)        000F95
_TRISDbits                        (abs)        000F95
_TXREG                            (abs)        000FAD
_TXSTA                            (abs)        000FAC
_TXSTAbits                        (abs)        000FAC
_TeInit                           text66       000170
_TeTeclat                         text63       001430
_TiGetTics                        text90       001E32
_TiGetTimer                       text92       001DB8
_TiInitTimer                      text62       001DE4
_TiResetTics                      text89       001F82
_Timer                            bssCOMRAM    00003D
_URegister                        text34       0001E0
_UcheckExists                     text33       0001DC
_UcheckExistsGetError             text32       0001D8
_UcheckExistsNotFinished          text31       0000CA
_UenviaChar                       text30       00006C
_UenviaPas                        text29       00005C
_UgetNumUsuaris                   text28       0001D4
_UgetScore                        text27       00008C
_UgetTop5                         text26       000036
_UgetUserName                     text25       001FEA
_Uinit                            text59       00156A
_UmotorUsers                      text56       000FFE
_UnewScore                        text2        000106
_UshowUsersCalculat               text24       0000BE
_WaitForBusy                      text84       001CDA
__HRAM                            (abs)        000000
__Habs1                           abs1         000000
__Hbank0                          bank0        000000
__Hbank1                          bank1        000000
__Hbigbss                         bigbss       000000
__Hbigdata                        bigdata      000000
__Hbigram                         bigram       000000
__HbitbssCOMRAM                   bitbssCOMRAM 000000
__Hbss                            bss          000000
__HbssBANK0                       bssBANK0     000000
__HbssBANK1                       bssBANK1     000000
__HbssCOMRAM                      bssCOMRAM    000000
__Hcinit                          cinit        000000
__Hclrtext                        clrtext      000000
__Hcomram                         comram       000000
__Hconfig                         config       30000E
__Hconst                          const        000000
__HcstackBANK0                    cstackBANK0  000000
__HcstackCOMRAM                   cstackCOMRAM 000000
__Hdata                           data         000000
__HdataBANK0                      dataBANK0    000000
__HdataCOMRAM                     dataCOMRAM   000000
__Heeprom_data                    eeprom_data  000000
__Hfarbss                         farbss       000000
__Hfardata                        fardata      000000
__Hibigdata                       ibigdata     000000
__Hidata                          idata        000000
__HidataBANK0                     idataBANK0   000000
__HidataCOMRAM                    idataCOMRAM  000000
__Hidloc                          idloc        200008
__Hifardata                       ifardata     000000
__Hinit                           init         000036
__Hintcode                        intcode      000032
__Hintcode_body                   intcode_body 000000
__Hintcodelo                      intcodelo    000032
__Hintentry                       intentry     000000
__Hintret                         intret       000000
__Hintsave_regs                   intsave_regs 000000
__Hirdata                         irdata       000000
__Hmediumconst                    mediumconst  000000
__HnvFARRAM                       nvFARRAM     000000
__Hnvbit                          nvbit        000000
__Hnvrram                         nvrram       000000
__Hpa_nodes0                      pa_nodes0    000000
__Hparam                          rparam       000000
__Hpowerup                        powerup      000032
__Hram                            ram          000000
__Hramtop                         ramtop       000200
__Hrbit                           rbit         000000
__Hrbss                           rbss         000000
__Hrdata                          rdata        000000
__Hreset_vec                      reset_vec    000004
__Hrparam                         rparam       000000
__Hsfr                            sfr          000000
__Hsmallconst                     smallconst   0002F0
__Hspace_0                        (abs)        001FFE
__Hspace_1                        (abs)        0003BB
__Hspace_2                        (abs)        000000
__Hspace_4                        (abs)        60000E
__Hstack                          stack        000000
__Hstruct                         struct       000000
__Htemp                           temp         000079
__Htext                           text         000000
__Htext0                          text0        000000
__Htext1                          text1        000000
__Htext10                         text10       000000
__Htext11                         text11       000000
__Htext12                         text12       000000
__Htext13                         text13       000000
__Htext14                         text14       000000
__Htext15                         text15       000000
__Htext16                         text16       000000
__Htext17                         text17       000000
__Htext18                         text18       000000
__Htext19                         text19       000000
__Htext2                          text2        000000
__Htext20                         text20       000000
__Htext21                         text21       000000
__Htext22                         text22       000000
__Htext23                         text23       000000
__Htext24                         text24       000000
__Htext25                         text25       000000
__Htext26                         text26       000000
__Htext27                         text27       000000
__Htext28                         text28       000000
__Htext29                         text29       000000
__Htext3                          text3        000000
__Htext30                         text30       000000
__Htext31                         text31       000000
__Htext32                         text32       000000
__Htext33                         text33       000000
__Htext34                         text34       000000
__Htext35                         text35       000000
__Htext36                         text36       000000
__Htext37                         text37       000000
__Htext38                         text38       000000
__Htext39                         text39       000000
__Htext4                          text4        000000
__Htext40                         text40       000000
__Htext41                         text41       000000
__Htext42                         text42       000000
__Htext43                         text43       000000
__Htext44                         text44       000000
__Htext45                         text45       000000
__Htext46                         text46       000000
__Htext47                         text47       000000
__Htext48                         text48       000000
__Htext49                         text49       000000
__Htext5                          text5        000000
__Htext50                         text50       000000
__Htext51                         text51       000000
__Htext52                         text52       000000
__Htext53                         text53       000000
__Htext54                         text54       000000
__Htext55                         text55       000000
__Htext56                         text56       000000
__Htext57                         text57       000000
__Htext58                         text58       000000
__Htext59                         text59       000000
__Htext6                          text6        000000
__Htext60                         text60       000000
__Htext61                         text61       000000
__Htext62                         text62       000000
__Htext63                         text63       000000
__Htext64                         text64       000000
__Htext65                         text65       000000
__Htext66                         text66       000000
__Htext67                         text67       000000
__Htext68                         text68       000000
__Htext69                         text69       000000
__Htext7                          text7        000000
__Htext70                         text70       000000
__Htext71                         text71       000000
__Htext72                         text72       000000
__Htext73                         text73       000000
__Htext74                         text74       000000
__Htext75                         text75       000000
__Htext76                         text76       000000
__Htext77                         text77       000000
__Htext78                         text78       000000
__Htext79                         text79       000000
__Htext8                          text8        000000
__Htext80                         text80       000000
__Htext81                         text81       000000
__Htext82                         text82       000000
__Htext83                         text83       000000
__Htext84                         text84       000000
__Htext85                         text85       000000
__Htext86                         text86       000000
__Htext87                         text87       000000
__Htext88                         text88       000000
__Htext89                         text89       000000
__Htext9                          text9        000000
__Htext90                         text90       000000
__Htext91                         text91       000000
__Htext92                         text92       000000
__Htext93                         text93       000000
__Htext95                         text95       000000
__LRAM                            (abs)        000001
__Labs1                           abs1         000000
__Lbank0                          bank0        000000
__Lbank1                          bank1        000000
__Lbigbss                         bigbss       000000
__Lbigdata                        bigdata      000000
__Lbigram                         bigram       000000
__LbitbssCOMRAM                   bitbssCOMRAM 000000
__Lbss                            bss          000000
__LbssBANK0                       bssBANK0     000000
__LbssBANK1                       bssBANK1     000000
__LbssCOMRAM                      bssCOMRAM    000000
__Lcinit                          cinit        000000
__Lclrtext                        clrtext      000000
__Lcomram                         comram       000000
__Lconfig                         config       000000
__Lconst                          const        000000
__LcstackBANK0                    cstackBANK0  000000
__LcstackCOMRAM                   cstackCOMRAM 000000
__Ldata                           data         000000
__LdataBANK0                      dataBANK0    000000
__LdataCOMRAM                     dataCOMRAM   000000
__Leeprom_data                    eeprom_data  000000
__Lfarbss                         farbss       000000
__Lfardata                        fardata      000000
__Libigdata                       ibigdata     000000
__Lidata                          idata        000000
__LidataBANK0                     idataBANK0   000000
__LidataCOMRAM                    idataCOMRAM  000000
__Lidloc                          idloc        000000
__Lifardata                       ifardata     000000
__Linit                           init         000032
__Lintcode                        intcode      000008
__Lintcode_body                   intcode_body 000000
__Lintcodelo                      intcodelo    000032
__Lintentry                       intentry     000000
__Lintret                         intret       000000
__Lintsave_regs                   intsave_regs 000000
__Lirdata                         irdata       000000
__Lmediumconst                    mediumconst  000000
__LnvFARRAM                       nvFARRAM     000000
__Lnvbit                          nvbit        000000
__Lnvrram                         nvrram       000000
__Lpa_nodes0                      pa_nodes0    000000
__Lparam                          rparam       000000
__Lpowerup                        powerup      000032
__Lram                            ram          000000
__Lramtop                         ramtop       000200
__Lrbit                           rbit         000000
__Lrbss                           rbss         000000
__Lrdata                          rdata        000000
__Lreset_vec                      reset_vec    000000
__Lrparam                         rparam       000000
__Lsfr                            sfr          000000
__Lsmallconst                     smallconst   000200
__Lspace_0                        (abs)        000000
__Lspace_1                        (abs)        000000
__Lspace_2                        (abs)        000000
__Lspace_4                        (abs)        000000
__Lstack                          stack        000000
__Lstruct                         struct       000000
__Ltemp                           temp         000078
__Ltext                           text         000000
__Ltext0                          text0        000000
__Ltext1                          text1        000000
__Ltext10                         text10       000000
__Ltext11                         text11       000000
__Ltext12                         text12       000000
__Ltext13                         text13       000000
__Ltext14                         text14       000000
__Ltext15                         text15       000000
__Ltext16                         text16       000000
__Ltext17                         text17       000000
__Ltext18                         text18       000000
__Ltext19                         text19       000000
__Ltext2                          text2        000000
__Ltext20                         text20       000000
__Ltext21                         text21       000000
__Ltext22                         text22       000000
__Ltext23                         text23       000000
__Ltext24                         text24       000000
__Ltext25                         text25       000000
__Ltext26                         text26       000000
__Ltext27                         text27       000000
__Ltext28                         text28       000000
__Ltext29                         text29       000000
__Ltext3                          text3        000000
__Ltext30                         text30       000000
__Ltext31                         text31       000000
__Ltext32                         text32       000000
__Ltext33                         text33       000000
__Ltext34                         text34       000000
__Ltext35                         text35       000000
__Ltext36                         text36       000000
__Ltext37                         text37       000000
__Ltext38                         text38       000000
__Ltext39                         text39       000000
__Ltext4                          text4        000000
__Ltext40                         text40       000000
__Ltext41                         text41       000000
__Ltext42                         text42       000000
__Ltext43                         text43       000000
__Ltext44                         text44       000000
__Ltext45                         text45       000000
__Ltext46                         text46       000000
__Ltext47                         text47       000000
__Ltext48                         text48       000000
__Ltext49                         text49       000000
__Ltext5                          text5        000000
__Ltext50                         text50       000000
__Ltext51                         text51       000000
__Ltext52                         text52       000000
__Ltext53                         text53       000000
__Ltext54                         text54       000000
__Ltext55                         text55       000000
__Ltext56                         text56       000000
__Ltext57                         text57       000000
__Ltext58                         text58       000000
__Ltext59                         text59       000000
__Ltext6                          text6        000000
__Ltext60                         text60       000000
__Ltext61                         text61       000000
__Ltext62                         text62       000000
__Ltext63                         text63       000000
__Ltext64                         text64       000000
__Ltext65                         text65       000000
__Ltext66                         text66       000000
__Ltext67                         text67       000000
__Ltext68                         text68       000000
__Ltext69                         text69       000000
__Ltext7                          text7        000000
__Ltext70                         text70       000000
__Ltext71                         text71       000000
__Ltext72                         text72       000000
__Ltext73                         text73       000000
__Ltext74                         text74       000000
__Ltext75                         text75       000000
__Ltext76                         text76       000000
__Ltext77                         text77       000000
__Ltext78                         text78       000000
__Ltext79                         text79       000000
__Ltext8                          text8        000000
__Ltext80                         text80       000000
__Ltext81                         text81       000000
__Ltext82                         text82       000000
__Ltext83                         text83       000000
__Ltext84                         text84       000000
__Ltext85                         text85       000000
__Ltext86                         text86       000000
__Ltext87                         text87       000000
__Ltext88                         text88       000000
__Ltext89                         text89       000000
__Ltext9                          text9        000000
__Ltext90                         text90       000000
__Ltext91                         text91       000000
__Ltext92                         text92       000000
__Ltext93                         text93       000000
__Ltext95                         text95       000000
__S0                              (abs)        001FFE
__S1                              (abs)        000190
__S2                              (abs)        000000
__S4                              (abs)        000000
__S5                              (abs)        000000
__TiRSITimer                      text95       001C54
___inthi_sp                       stack        000000
___intlo_sp                       stack        000000
___lbdiv                          text61       001D50
___lbdiv@counter                  cstackCOMRAM 000066
___lbdiv@dividend                 cstackCOMRAM 000065
___lbdiv@divisor                  cstackCOMRAM 000064
___lbdiv@quotient                 cstackCOMRAM 000067
___param_bank                     (abs)        000000
___rparam_used                    (abs)        000001
___sp                             stack        000000
__accesstop                       (abs)        000080
__activetblptr                    (abs)        000002
__end_ofPL10                      text19       000A30
__end_ofPL12                      text77       000FF4
__end_ofPL14                      text63       00156A
__end_ofPL16                      text92       001DE4
__end_ofPL18                      text56       00124C
__end_ofPL2                       text77       000FD8
__end_ofPL20                      text56       00125A
__end_ofPL22                      text56       001268
__end_ofPL24                      text18       00190C
__end_ofPL26                      text56       00127A
__end_ofPL28                      text1        000D3A
__end_ofPL30                      text89       001F9E
__end_ofPL32                      text19       000A3A
__end_ofPL34                      text79       001D46
__end_ofPL36                      text19       000A40
__end_ofPL38                      text71       001C00
__end_ofPL4                       text77       000FE0
__end_ofPL40                      text59       001628
__end_ofPL42                      text73       001A02
__end_ofPL44                      text59       001636
__end_ofPL46                      text19       000A4A
__end_ofPL48                      text71       001C0C
__end_ofPL50                      text19       000A56
__end_ofPL52                      text1        000D46
__end_ofPL54                      text1        000D52
__end_ofPL56                      text58       001CD0
__end_ofPL58                      text1        000D5C
__end_ofPL6                       text63       001554
__end_ofPL60                      text56       001282
__end_ofPL62                      text59       001640
__end_ofPL64                      text82       001F0A
__end_ofPL66                      text72       0017D4
__end_ofPL68                      text87       001BBC
__end_ofPL70                      text77       000FFE
__end_ofPL72                      text58       001CDA
__end_ofPL74                      text79       001D50
__end_ofPL76                      text68       001430
__end_ofPL78                      text86       001B56
__end_ofPL8                       text77       000FEA
__end_ofPL80                      text26       00004A
__end_ofPL82                      text1        000D66
__end_ofPL84                      text95       001C9C
__end_ofPL86                      text73       001A0C
__end_ofPL88                      text78       001C54
__end_ofPL90                      text19       000A5C
__end_ofPL92                      text19       000A62
__end_ofPL94                      text19       000A6A
__end_ofPL96                      text19       000A72
__end_of_CToAConverteix           text49       0000EE
__end_of_CToAHaAcabat             text48       0001FC
__end_of_CToAReset                text50       000148
__end_of_CToAobtenir              text47       0001F8
__end_of_CantaData                text79       001D38
__end_of_CantaIR                  text85       001F82
__end_of_CantaPartAlta            text87       001BB2
__end_of_CantaPartBaixa           text86       001B4C
__end_of_CtoA                     text93       001EE8
__end_of_EscriuPrimeraOrdre       text73       0019F4
__end_of_Espera                   text88       001F2C
__end_of_GLCDInit                 text91       0001A0
__end_of_GLCDMostraMenu           text46       0000E2
__end_of_GLCDMotor                text77       000FCA
__end_of_HActualitzaHora          text45       001EC4
__end_of_HClearNouSegon           text15       0001CC
__end_of_HGetTime                 text14       0001C8
__end_of_HJugant                  text13       0001A6
__end_of_HNouSegon                text12       0000B2
__end_of_HnoJugant                text11       0001C4
__end_of_JJuguem                  text44       000140
__end_of_JendGame                 text43       0001F4
__end_of_JnovaDireccio            text42       000138
__end_of_JnovaTecla               text41       000130
__end_of_JoystickInit             text76       00005C
__end_of_JoystickMotor            text74       001716
__end_of_LcClear                  text82       001F00
__end_of_LcGotoXY                 text83       001DB8
__end_of_LcInit                   text72       0017CA
__end_of_LcLCD                    text71       001BF2
__end_of_LcLliure                 text81       000106
__end_of_LcNewString              text80       0000FA
__end_of_LcPutChar                text78       001C4C
__end_of_LcScroll                 text40       0001B8
__end_of_MNouJoystick             text75       000198
__end_of_MNovaLletra              text69       000188
__end_of_Minit                    text70       000190
__end_of_MsetNovaTecla            text65       000170
__end_of_NoFerMenu                text39       0001F0
__end_of_SIOEnviaHora             text10       0001C0
__end_of_SIOHaAcabatPuntuacions   text38       0001EC
__end_of_SIONovaDireccio          text9        000128
__end_of_SIONovaTecla             text8        000120
__end_of_SIOStartGame             text7        000118
__end_of_SIOcheckKrebut           text6        0000A6
__end_of_SIOendGame               text5        0001BC
__end_of_SMSoff                   text37       0001B2
__end_of_SMSon                    text36       0001AC
__end_of_SMotor                   text68       001426
__end_of_SiFerMenu                text35       0001E8
__end_of_Sinit                    text67       000180
__end_of_SsetNovaTecla            text64       000168
__end_of_TeInit                   text66       000178
__end_of_TeTeclat                 text63       00154A
__end_of_TiGetTics                text90       001E58
__end_of_TiGetTimer               text92       001DD6
__end_of_TiInitTimer              text62       001E0C
__end_of_TiResetTics              text89       001F92
__end_of_URegister                text34       0001E4
__end_of_UcheckExists             text33       0001E0
__end_of_UcheckExistsGetError     text32       0001DC
__end_of_UcheckExistsNotFinished  text31       0000D6
__end_of_UenviaChar               text30       00007C
__end_of_UenviaPas                text29       00006C
__end_of_UgetNumUsuaris           text28       0001D8
__end_of_UgetScore                text27       00009A
__end_of_UgetTop5                 text26       000042
__end_of_UgetUserName             text25       001FFE
__end_of_Uinit                    text59       00161A
__end_of_UmotorUsers              text56       001230
__end_of_UnewScore                text2        000110
__end_of_UshowUsersCalculat       text24       0000CA
__end_of_WaitForBusy              text84       001D18
__end_of__TiRSITimer              text95       001C92
__end_of___lbdiv                  text61       001D84
__end_of__initialization          cinit        001A76
__end_of_calculateShowUsers       text23       0001D4
__end_of_checkHoraAcabat          text22       0000BE
__end_of_compareStrings           text58       001CC6
__end_of_conversorJoystick        text4        001E7C
__end_of_escriureCharEEPROM       text57       001E32
__end_of_getArrayShowUsers        text21       001F66
__end_of_high_rsi                 intcode      000032
__end_of_initAltaveu              text55       000160
__end_of_initHora                 text54       000158
__end_of_initSIO                  text53       000150
__end_of_init_eusart              text52       001FEA
__end_of_init_ports               text51       001F4A
__end_of_llegirCharEEPROM         text60       00008C
__end_of_main                     text0        001AF0
__end_of_menu                     text19       000A24
__end_of_menuList                 smallconst   000292
__end_of_miraPassword             text20       001EA0
__end_of_motorAltaveu             text18       0018F4
__end_of_motorHora                text16       001990
__end_of_motorJoc                 text3        00187A
__end_of_motorSIO                 text1        000D2E
__end_of_playAltaveu              text17       0001D0
__end_of_teclaPremuda             smallconst   00029E
__initialization                  cinit        001A0C
__mediumconst                     mediumconst  000000
__pbitbssCOMRAM                   bitbssCOMRAM 0003A8
__pbssBANK0                       bssBANK0     000080
__pbssBANK1                       bssBANK1     000100
__pbssCOMRAM                      bssCOMRAM    000001
__pcinit                          cinit        001A0C
__pcstackBANK0                    cstackBANK0  0000D7
__pcstackCOMRAM                   cstackCOMRAM 00005F
__pdataBANK0                      dataBANK0    0000BC
__pdataCOMRAM                     dataCOMRAM   000045
__pidataBANK0                     idataBANK0   001F9E
__pidataCOMRAM                    idataCOMRAM  001FB9
__pintcode                        intcode      000008
__psmallconst                     smallconst   000200
__ptext0                          text0        001A84
__ptext1                          text1        000A72
__ptext10                         text10       0001BC
__ptext11                         text11       0001C0
__ptext12                         text12       0000A6
__ptext13                         text13       0001A0
__ptext14                         text14       0001C4
__ptext15                         text15       0001C8
__ptext16                         text16       00190C
__ptext17                         text17       0001CC
__ptext18                         text18       00187A
__ptext19                         text19       0002F0
__ptext2                          text2        000106
__ptext20                         text20       001E7C
__ptext21                         text21       001F4A
__ptext22                         text22       0000B2
__ptext23                         text23       0001D0
__ptext24                         text24       0000BE
__ptext25                         text25       001FEA
__ptext26                         text26       000036
__ptext27                         text27       00008C
__ptext28                         text28       0001D4
__ptext29                         text29       00005C
__ptext3                          text3        0017D4
__ptext30                         text30       00006C
__ptext31                         text31       0000CA
__ptext32                         text32       0001D8
__ptext33                         text33       0001DC
__ptext34                         text34       0001E0
__ptext35                         text35       0001E4
__ptext36                         text36       0001A6
__ptext37                         text37       0001AC
__ptext38                         text38       0001E8
__ptext39                         text39       0001EC
__ptext4                          text4        001E58
__ptext40                         text40       0001B2
__ptext41                         text41       000128
__ptext42                         text42       000130
__ptext43                         text43       0001F0
__ptext44                         text44       000138
__ptext45                         text45       001EA0
__ptext46                         text46       0000D6
__ptext47                         text47       0001F4
__ptext48                         text48       0001F8
__ptext49                         text49       0000E2
__ptext5                          text5        0001B8
__ptext50                         text50       000140
__ptext51                         text51       001F2C
__ptext52                         text52       001FD4
__ptext53                         text53       000148
__ptext54                         text54       000150
__ptext55                         text55       000158
__ptext56                         text56       000FFE
__ptext57                         text57       001E0C
__ptext58                         text58       001C9C
__ptext59                         text59       00156A
__ptext6                          text6        00009A
__ptext60                         text60       00007C
__ptext61                         text61       001D50
__ptext62                         text62       001DE4
__ptext63                         text63       001430
__ptext64                         text64       000160
__ptext65                         text65       000168
__ptext66                         text66       000170
__ptext67                         text67       000178
__ptext68                         text68       001282
__ptext69                         text69       000180
__ptext7                          text7        000110
__ptext70                         text70       000188
__ptext71                         text71       001BBC
__ptext72                         text72       001716
__ptext73                         text73       001990
__ptext74                         text74       001640
__ptext75                         text75       000190
__ptext76                         text76       00004A
__ptext77                         text77       000D66
__ptext78                         text78       001C0C
__ptext79                         text79       001D18
__ptext8                          text8        000118
__ptext80                         text80       0000EE
__ptext81                         text81       0000FA
__ptext82                         text82       001EE8
__ptext83                         text83       001D84
__ptext84                         text84       001CDA
__ptext85                         text85       001F66
__ptext86                         text86       001AF0
__ptext87                         text87       001B56
__ptext88                         text88       001F0A
__ptext89                         text89       001F82
__ptext9                          text9        000120
__ptext90                         text90       001E32
__ptext91                         text91       000198
__ptext92                         text92       001DB8
__ptext93                         text93       001EC4
__ptext95                         text95       001C54
__ramtop                          ramtop       000200
__size_of_CToAConverteix          (abs)        000000
__size_of_CToAHaAcabat            (abs)        000000
__size_of_CToAReset               (abs)        000000
__size_of_CToAobtenir             (abs)        000000
__size_of_CantaData               (abs)        000000
__size_of_CantaIR                 (abs)        000000
__size_of_CantaPartAlta           (abs)        000000
__size_of_CantaPartBaixa          (abs)        000000
__size_of_CtoA                    (abs)        000000
__size_of_EscriuPrimeraOrdre      (abs)        000000
__size_of_Espera                  (abs)        000000
__size_of_GLCDInit                (abs)        000000
__size_of_GLCDMostraMenu          (abs)        000000
__size_of_GLCDMotor               (abs)        000000
__size_of_HActualitzaHora         (abs)        000000
__size_of_HClearNouSegon          (abs)        000000
__size_of_HGetTime                (abs)        000000
__size_of_HJugant                 (abs)        000000
__size_of_HNouSegon               (abs)        000000
__size_of_HnoJugant               (abs)        000000
__size_of_JJuguem                 (abs)        000000
__size_of_JendGame                (abs)        000000
__size_of_JnovaDireccio           (abs)        000000
__size_of_JnovaTecla              (abs)        000000
__size_of_JoystickInit            (abs)        000000
__size_of_JoystickMotor           (abs)        000000
__size_of_LcClear                 (abs)        000000
__size_of_LcGotoXY                (abs)        000000
__size_of_LcInit                  (abs)        000000
__size_of_LcLCD                   (abs)        000000
__size_of_LcLliure                (abs)        000000
__size_of_LcNewString             (abs)        000000
__size_of_LcPutChar               (abs)        000000
__size_of_LcScroll                (abs)        000000
__size_of_MNouJoystick            (abs)        000000
__size_of_MNovaLletra             (abs)        000000
__size_of_Minit                   (abs)        000000
__size_of_MsetNovaTecla           (abs)        000000
__size_of_NoFerMenu               (abs)        000000
__size_of_SIOEnviaHora            (abs)        000000
__size_of_SIOHaAcabatPuntuacions  (abs)        000000
__size_of_SIONovaDireccio         (abs)        000000
__size_of_SIONovaTecla            (abs)        000000
__size_of_SIOStartGame            (abs)        000000
__size_of_SIOcheckKrebut          (abs)        000000
__size_of_SIOendGame              (abs)        000000
__size_of_SMSoff                  (abs)        000000
__size_of_SMSon                   (abs)        000000
__size_of_SMotor                  (abs)        000000
__size_of_SiFerMenu               (abs)        000000
__size_of_Sinit                   (abs)        000000
__size_of_SsetNovaTecla           (abs)        000000
__size_of_TeInit                  (abs)        000000
__size_of_TeTeclat                (abs)        000000
__size_of_TiGetTics               (abs)        000000
__size_of_TiGetTimer              (abs)        000000
__size_of_TiInitTimer             (abs)        000000
__size_of_TiResetTics             (abs)        000000
__size_of_URegister               (abs)        000000
__size_of_UcheckExists            (abs)        000000
__size_of_UcheckExistsGetError    (abs)        000000
__size_of_UcheckExistsNotFinished (abs)        000000
__size_of_UenviaChar              (abs)        000000
__size_of_UenviaPas               (abs)        000000
__size_of_UgetNumUsuaris          (abs)        000000
__size_of_UgetScore               (abs)        000000
__size_of_UgetTop5                (abs)        000000
__size_of_UgetUserName            (abs)        000000
__size_of_Uinit                   (abs)        000000
__size_of_UmotorUsers             (abs)        000000
__size_of_UnewScore               (abs)        000000
__size_of_UshowUsersCalculat      (abs)        000000
__size_of_WaitForBusy             (abs)        000000
__size_of__TiRSITimer             (abs)        000000
__size_of___lbdiv                 (abs)        000000
__size_of_calculateShowUsers      (abs)        000000
__size_of_checkHoraAcabat         (abs)        000000
__size_of_compareStrings          (abs)        000000
__size_of_conversorJoystick       (abs)        000000
__size_of_escriureCharEEPROM      (abs)        000000
__size_of_getArrayShowUsers       (abs)        000000
__size_of_high_rsi                (abs)        000000
__size_of_initAltaveu             (abs)        000000
__size_of_initHora                (abs)        000000
__size_of_initSIO                 (abs)        000000
__size_of_init_eusart             (abs)        000000
__size_of_init_ports              (abs)        000000
__size_of_llegirCharEEPROM        (abs)        000000
__size_of_main                    (abs)        000000
__size_of_menu                    (abs)        000000
__size_of_miraPassword            (abs)        000000
__size_of_motorAltaveu            (abs)        000000
__size_of_motorHora               (abs)        000000
__size_of_motorJoc                (abs)        000000
__size_of_motorSIO                (abs)        000000
__size_of_playAltaveu             (abs)        000000
__smallconst                      smallconst   000200
_arrayShowUsers                   bssBANK0     0000A2
_arrayZero                        dataCOMRAM   000045
_calculateShowUsers               text23       0001D0
_cap1                             bitbssCOMRAM 0003B0
_cap2                             bitbssCOMRAM 0003AF
_charActu                         bssCOMRAM    00000F
_checkHoraAcabat                  text22       0000B2
_compareStrings                   text58       001C9C
_conversorJoystick                text4        001E58
_convertir                        dataCOMRAM   000047
_copsNota                         bssCOMRAM    000024
_counter                          bssCOMRAM    000034
_direccioJoc                      bssCOMRAM    000013
_direccioSIO                      dataCOMRAM   000049
_do_check_exists                  bitbssCOMRAM 0003B7
_do_register                      bitbssCOMRAM 0003B6
_do_showUsers                     bitbssCOMRAM 0003B5
_do_updateScore                   bitbssCOMRAM 0003B4
_escriureCharEEPROM               text57       001E0C
_ferMenu                          bitbssCOMRAM 0003B2
_getArrayShowUsers                text21       001F4A
_h_Tics                           bssCOMRAM    000009
_hi_ha_hora_sio2                  bitbssCOMRAM 0003A8
_high_rsi                         intcode      000008
_hora                             dataCOMRAM   000056
_horaTX                           bssCOMRAM    000001
_horaTmp                          bssCOMRAM    000041
_i                                bssCOMRAM    00002A
_indexNextUser                    bssCOMRAM    00002C
_indexNextUserStruct              bssCOMRAM    00002B
_indexUsuari                      bssCOMRAM    000030
_initAltaveu                      text55       000158
_initHora                         text54       000150
_initSIO                          text53       000148
_init_eusart                      text52       001FD4
_init_ports                       text51       001F2C
_j                                bssCOMRAM    000029
_jugant                           bitbssCOMRAM 0003AE
_jugantJoc                        bitbssCOMRAM 0003AB
_jugantSIO                        bitbssCOMRAM 0003AA
_llegirCharEEPROM                 text60       00007C
_lletraASCII                      dataCOMRAM   000055
_lletraInici                      dataBANK0    0000BC
_loginNOTRegister                 bitbssCOMRAM 0003B8
_loginText                        dataBANK0    0000CF
_main                             text0        001A84
_mask                             bssCOMRAM    00000E
_menu                             text19       0002F0
_menuDalt                         bssCOMRAM    000031
_menuDaltGLCD                     bssCOMRAM    000021
_menuList                         smallconst   000201
_miraPassword                     text20       001E7C
_motorAltaveu                     text18       00187A
_motorHora                        text16       00190C
_motorJoc                         text3        0017D4
_motorSIO                         text1        000A72
_newString                        bitbssCOMRAM 0003B1
_nota                             bssCOMRAM    000026
_nouSegon                         bitbssCOMRAM 0003AD
_nou_s                            bitbssCOMRAM 0003BA
_novaDireccio                     dataCOMRAM   000050
_novaLletra                       dataCOMRAM   000051
_novaTecla                        dataCOMRAM   000054
_novaTeclaJOC                     dataCOMRAM   00004B
_novaTeclaSIO                     dataCOMRAM   000048
_numUsuaris                       bssCOMRAM    00002D
_playAltaveu                      text17       0001CC
_pos                              bssCOMRAM    00002F
_puntuacions                      bssBANK0     000098
_registerText                     dataBANK0    0000C4
_reproduir                        bitbssCOMRAM 0003B3
_s_Timers                         bssBANK0     000080
_s_ptr                            bssCOMRAM    00000B
_score                            bssCOMRAM    000010
_scoreUsr                         bssCOMRAM    000028
_segons                           bssCOMRAM    000015
_setSMSon                         bitbssCOMRAM 0003B9
_stringScore                      dataCOMRAM   00005C
_sumaPulsacions                   bssCOMRAM    00003C
_teclaPremuda                     smallconst   000292
_tempsAcabat                      bitbssCOMRAM 0003AC
_tiTeclat                         bssCOMRAM    000038
_timerAltaveu                     bssCOMRAM    000025
_timerGLCD                        bssCOMRAM    000022
_timerHora                        bssCOMRAM    000016
_timerMenu                        bssCOMRAM    000032
_timerSIO                         bssCOMRAM    000011
_timerSMS                         bssCOMRAM    00003B
_tmp                              bssCOMRAM    000033
_tmpPassword                      bssBANK0     0000AA
_tmpUsername                      bssBANK0     0000B3
_ultimaTecla                      dataCOMRAM   000053
_ultimaTeclaAD                    bssCOMRAM    000018
_userPtr                          bssCOMRAM    000007
_usuariActualSIO                  dataCOMRAM   00004A
_usuariJoc                        dataCOMRAM   00004C
_usuariLoguejat                   dataCOMRAM   00004F
_usuaris                          bssBANK1     000100
_zeroTecla                        bssCOMRAM    00003A
btemp                             temp         000078
compareStrings@a                  cstackCOMRAM 000064
compareStrings@b                  cstackCOMRAM 000065
conversorJoystick@direc           cstackCOMRAM 000064
end_of_initialization             cinit        001A76
escriureCharEEPROM@c              cstackCOMRAM 000065
escriureCharEEPROM@pos            cstackCOMRAM 000064
getArrayShowUsers@quin            cstackCOMRAM 000066
int$flags                         temp         000078
intlevel0                         text         000000
intlevel1                         text         000000
intlevel2                         text         000000
intlevel3                         text         000000
isa$std                           (abs)        000001
isa$xinst                         (abs)        000000
llegirCharEEPROM@pos              cstackCOMRAM 000064
menu@state                        bssCOMRAM    00002E
motorAltaveu@state                bssCOMRAM    000023
motorHora@state                   bssCOMRAM    000014
motorJoc@state                    bssCOMRAM    000012
motorSIO@state                    bssCOMRAM    00000D
stackhi                           (abs)        0001FF
stacklo                           (abs)        000190
start                             init         000032
start_initialization              cinit        001A0C
ttemp5                            temp         000079
ttemp6                            temp         00007C
ttemp7                            temp         000080
wtemp8                            temp         000079


MODULE INFORMATION

Module		Function		Class		Link	Load	Size
GestioLCD.c
		_GLCDMostraMenu		CODE           	00D6	0000	12
		_GLCDMotor     		CODE           	0D66	0000	612
		_SiFerMenu     		CODE           	01E4	0000	4
		_NoFerMenu     		CODE           	01EC	0000	4
		_GLCDInit      		CODE           	0198	0000	8

GestioLCD.c estimated size: 640

Hora.c
		_initHora      		CODE           	0150	0000	8
		_HNouSegon     		CODE           	00A6	0000	12
		_HGetTime      		CODE           	01C4	0000	4
		_checkHoraAcabat		CODE           	00B2	0000	12
		_HClearNouSegon		CODE           	01C8	0000	4
		_HnoJugant     		CODE           	01C0	0000	4
		_HJugant       		CODE           	01A0	0000	6
		_HActualitzaHora		CODE           	1EA0	0000	36
		_motorHora     		CODE           	190C	0000	132

Hora.c estimated size: 218

Ssms.c
		_SMSoff        		CODE           	01AC	0000	6
		_SMSon         		CODE           	01A6	0000	6
		_SsetNovaTecla 		CODE           	0160	0000	8
		_SMotor        		CODE           	1282	0000	420
		_Sinit         		CODE           	0178	0000	8

Ssms.c estimated size: 448

C:\Program Files\Microchip\xc8\v2.32\pic\sources\c99\common\lbdiv.c
		___lbdiv       		CODE           	1D50	0000	52

C:\Program Files\Microchip\xc8\v2.32\pic\sources\c99\common\lbdiv.c estimated size: 52

Menu.c
		_menu          		CODE           	02F0	0000	1844
		_MsetNovaTecla 		CODE           	0168	0000	8
		_MNouJoystick  		CODE           	0190	0000	8
		_MNovaLletra   		CODE           	0180	0000	8
		_Minit         		CODE           	0188	0000	8

Menu.c estimated size: 1876

SIO.c
		_SIONovaTecla  		CODE           	0118	0000	8
		_SIOHaAcabatPuntuacions		CODE           	01E8	0000	4
		_SIOcheckKrebut		CODE           	009A	0000	12
		_motorSIO      		CODE           	0A72	0000	700
		_SIONovaDireccio		CODE           	0120	0000	8
		_SIOEnviaHora  		CODE           	01BC	0000	4
		_initSIO       		CODE           	0148	0000	8
		_SIOendGame    		CODE           	01B8	0000	4
		_SIOStartGame  		CODE           	0110	0000	8

SIO.c estimated size: 756

LcTLCD.c
		_LcPutChar     		CODE           	1C0C	0000	64
		_EscriuPrimeraOrdre		CODE           	1990	0000	100
		_LcScroll      		CODE           	01B2	0000	6
		_WaitForBusy   		CODE           	1CDA	0000	62
		_LcGotoXY      		CODE           	1D84	0000	52
		_LcLliure      		CODE           	00FA	0000	12
		_LcClear       		CODE           	1EE8	0000	24
		_CantaData     		CODE           	1D18	0000	32
		_LcInit        		CODE           	1716	0000	180
		_CantaPartAlta 		CODE           	1B56	0000	92
		_LcLCD         		CODE           	1BBC	0000	54
		_Espera        		CODE           	1F0A	0000	34
		_CantaIR       		CODE           	1F66	0000	28
		_CantaPartBaixa		CODE           	1AF0	0000	92
		_LcNewString   		CODE           	00EE	0000	12

LcTLCD.c estimated size: 844

TiTTimer.c
		_TiGetTics     		CODE           	1E32	0000	38
		_TiGetTimer    		CODE           	1DB8	0000	30
		_TiInitTimer   		CODE           	1DE4	0000	40
		__TiRSITimer   		CODE           	1C54	0000	62
		_TiResetTics   		CODE           	1F82	0000	16

TiTTimer.c estimated size: 186

TeTeclat.c
		_TeTeclat      		CODE           	1430	0000	282
		_TeInit        		CODE           	0170	0000	8

TeTeclat.c estimated size: 290

shared
		PL12           		CODE           	0FEA	0000	10
		PL50           		CODE           	0A4A	0000	12
		PL8            		CODE           	0FE0	0000	10
		PL22           		CODE           	125A	0000	14
		PL60           		CODE           	127A	0000	8
		PL32           		CODE           	0A30	0000	10
		PL70           		CODE           	0FF4	0000	10
		PL42           		CODE           	19F4	0000	14
		PL80           		CODE           	0042	0000	8
		PL14           		CODE           	1554	0000	22
		PL52           		CODE           	0D3A	0000	12
		PL90           		CODE           	0A56	0000	6
		PL24           		CODE           	18F4	0000	24
		PL62           		CODE           	1636	0000	10
		PL34           		CODE           	1D38	0000	14
		PL72           		CODE           	1CD0	0000	10
		PL44           		CODE           	1628	0000	14
		PL82           		CODE           	0D5C	0000	10
		PL16           		CODE           	1DD6	0000	14
		PL54           		CODE           	0D46	0000	12
		PL92           		CODE           	0A5C	0000	6
		PL26           		CODE           	1268	0000	18
		PL64           		CODE           	1F00	0000	10
		PL36           		CODE           	0A3A	0000	6
		PL74           		CODE           	1D46	0000	10
		PL46           		CODE           	0A40	0000	10
		PL84           		CODE           	1C92	0000	10
		PL18           		CODE           	1230	0000	28
		PL56           		CODE           	1CC6	0000	10
		PL94           		CODE           	0A62	0000	8
		PL28           		CODE           	0D2E	0000	12
		PL66           		CODE           	17CA	0000	10
		PL38           		CODE           	1BF2	0000	14
		PL76           		CODE           	1426	0000	10
		PL48           		CODE           	1C00	0000	12
		PL86           		CODE           	1A02	0000	10
		PL58           		CODE           	0D52	0000	10
		PL96           		CODE           	0A6A	0000	8
		PL68           		CODE           	1BB2	0000	10
		PL78           		CODE           	1B4C	0000	10
		PL88           		CODE           	1C4C	0000	8
		__initialization		CODE           	1A0C	0000	106
		_menuList      		SMALLCONST     	0201	0000	145
		_teclaPremuda  		SMALLCONST     	0292	0000	12
		PL2            		CODE           	0FCA	0000	14
		PL10           		CODE           	0A24	0000	12
		PL4            		CODE           	0FD8	0000	8
		PL20           		CODE           	124C	0000	14
		PL30           		CODE           	1F92	0000	12
		PL6            		CODE           	154A	0000	10
		PL40           		CODE           	161A	0000	14

shared estimated size: 821

Joystick.c
		_JoystickInit  		CODE           	004A	0000	18
		_JoystickMotor 		CODE           	1640	0000	214

Joystick.c estimated size: 232

Joc.c
		_JJuguem       		CODE           	0138	0000	8
		_JnovaTecla    		CODE           	0128	0000	8
		_conversorJoystick		CODE           	1E58	0000	36
		_motorJoc      		CODE           	17D4	0000	166
		_JnovaDireccio 		CODE           	0130	0000	8
		_JendGame      		CODE           	01F0	0000	4

Joc.c estimated size: 230

Altaveu.c
		_initAltaveu   		CODE           	0158	0000	8
		_playAltaveu   		CODE           	01CC	0000	4
		_motorAltaveu  		CODE           	187A	0000	122

Altaveu.c estimated size: 134

CtoA.c
		_CToAHaAcabat  		CODE           	01F8	0000	4
		_CToAobtenir   		CODE           	01F4	0000	4
		_CToAConverteix		CODE           	00E2	0000	12
		_CtoA          		CODE           	1EC4	0000	36
		_CToAReset     		CODE           	0140	0000	8

CtoA.c estimated size: 64

Usuaris.c
		_miraPassword  		CODE           	1E7C	0000	36
		_calculateShowUsers		CODE           	01D0	0000	4
		_UgetTop5      		CODE           	0036	0000	12
		_UgetScore     		CODE           	008C	0000	14
		_UgetUserName  		CODE           	1FEA	0000	20
		_URegister     		CODE           	01E0	0000	4
		_UgetNumUsuaris		CODE           	01D4	0000	4
		_UenviaPas     		CODE           	005C	0000	16
		_compareStrings		CODE           	1C9C	0000	42
		_UenviaChar    		CODE           	006C	0000	16
		_UnewScore     		CODE           	0106	0000	10
		_UcheckExists  		CODE           	01DC	0000	4
		_UcheckExistsGetError		CODE           	01D8	0000	4
		_escriureCharEEPROM		CODE           	1E0C	0000	38
		_UcheckExistsNotFinished		CODE           	00CA	0000	12
		_getArrayShowUsers		CODE           	1F4A	0000	28
		_UmotorUsers   		CODE           	0FFE	0000	562
		_Uinit         		CODE           	156A	0000	176
		_llegirCharEEPROM		CODE           	007C	0000	16
		_UshowUsersCalculat		CODE           	00BE	0000	12

Usuaris.c estimated size: 1030

main.c
		_main          		CODE           	1A84	0000	108
		_init_ports    		CODE           	1F2C	0000	30
		_high_rsi      		CODE           	0008	0000	42
		_init_eusart   		CODE           	1FD4	0000	22

main.c estimated size: 202

